/home/karamat/Projects/STM/NucleoProj/F303-rtos/Core/Src/main.c:115:5:__io_putchar	16	static
/home/karamat/Projects/STM/NucleoProj/F303-rtos/Core/Src/main.c:128:5:main	104	static
/home/karamat/Projects/STM/NucleoProj/F303-rtos/Core/Src/main.c:306:6:SystemClock_Config	160	static
/home/karamat/Projects/STM/NucleoProj/F303-rtos/Core/Src/main.c:360:13:MX_I2C1_Init	16	static
/home/karamat/Projects/STM/NucleoProj/F303-rtos/Core/Src/main.c:416:13:MX_TIM1_Init	96	static
/home/karamat/Projects/STM/NucleoProj/F303-rtos/Core/Src/main.c:498:13:MX_TIM2_Init	48	static
/home/karamat/Projects/STM/NucleoProj/F303-rtos/Core/Src/main.c:547:13:MX_TIM3_Init	48	static
/home/karamat/Projects/STM/NucleoProj/F303-rtos/Core/Src/main.c:608:13:MX_TIM4_Init	48	static
/home/karamat/Projects/STM/NucleoProj/F303-rtos/Core/Src/main.c:669:13:MX_USART2_UART_Init	8	static
/home/karamat/Projects/STM/NucleoProj/F303-rtos/Core/Src/main.c:702:13:MX_DMA_Init	16	static
/home/karamat/Projects/STM/NucleoProj/F303-rtos/Core/Src/main.c:723:13:MX_GPIO_Init	48	static
/home/karamat/Projects/STM/NucleoProj/F303-rtos/Core/Src/main.c:759:5:process	240	static
/home/karamat/Projects/STM/NucleoProj/F303-rtos/Core/Src/main.c:777:6:HAL_UART_RxHalfCpltCallback	24	static
/home/karamat/Projects/STM/NucleoProj/F303-rtos/Core/Src/main.c:787:6:HAL_UART_RxCpltCallback	24	static
/home/karamat/Projects/STM/NucleoProj/F303-rtos/Core/Src/main.c:805:6:StartDefaultTask	16	static
/home/karamat/Projects/STM/NucleoProj/F303-rtos/Core/Src/main.c:824:6:StartI2C_telemetry	56	static
/home/karamat/Projects/STM/NucleoProj/F303-rtos/Core/Src/main.c:849:6:HAL_TIM_PeriodElapsedCallback	16	static
/home/karamat/Projects/STM/NucleoProj/F303-rtos/Core/Src/main.c:867:6:Error_Handler	4	static
