Archive member included to satisfy reference by file (symbol)

/usr/lib/gcc/arm-none-eabi/10.3.1/../../../arm-none-eabi/lib/thumb/v7e-m+fp/hard/libg_nano.a(lib_a-atexit.o)
                              /usr/lib/gcc/arm-none-eabi/10.3.1/../../../arm-none-eabi/lib/thumb/v7e-m+fp/hard/crt0.o (atexit)
/usr/lib/gcc/arm-none-eabi/10.3.1/../../../arm-none-eabi/lib/thumb/v7e-m+fp/hard/libg_nano.a(lib_a-errno.o)
                              CMakeFiles/F303-rtos.dir/Core/Src/sysmem.c.obj (__errno)
/usr/lib/gcc/arm-none-eabi/10.3.1/../../../arm-none-eabi/lib/thumb/v7e-m+fp/hard/libg_nano.a(lib_a-exit.o)
                              /usr/lib/gcc/arm-none-eabi/10.3.1/../../../arm-none-eabi/lib/thumb/v7e-m+fp/hard/crt0.o (exit)
/usr/lib/gcc/arm-none-eabi/10.3.1/../../../arm-none-eabi/lib/thumb/v7e-m+fp/hard/libg_nano.a(lib_a-fini.o)
                              /usr/lib/gcc/arm-none-eabi/10.3.1/../../../arm-none-eabi/lib/thumb/v7e-m+fp/hard/crt0.o (__libc_fini_array)
/usr/lib/gcc/arm-none-eabi/10.3.1/../../../arm-none-eabi/lib/thumb/v7e-m+fp/hard/libg_nano.a(lib_a-impure.o)
                              /usr/lib/gcc/arm-none-eabi/10.3.1/../../../arm-none-eabi/lib/thumb/v7e-m+fp/hard/libg_nano.a(lib_a-exit.o) (_global_impure_ptr)
/usr/lib/gcc/arm-none-eabi/10.3.1/../../../arm-none-eabi/lib/thumb/v7e-m+fp/hard/libg_nano.a(lib_a-init.o)
                              /usr/lib/gcc/arm-none-eabi/10.3.1/../../../arm-none-eabi/lib/thumb/v7e-m+fp/hard/crt0.o (__libc_init_array)
/usr/lib/gcc/arm-none-eabi/10.3.1/../../../arm-none-eabi/lib/thumb/v7e-m+fp/hard/libg_nano.a(lib_a-memcpy.o)
                              CMakeFiles/F303-rtos.dir/Core/Src/main.c.obj (memcpy)
/usr/lib/gcc/arm-none-eabi/10.3.1/../../../arm-none-eabi/lib/thumb/v7e-m+fp/hard/libg_nano.a(lib_a-memset.o)
                              /usr/lib/gcc/arm-none-eabi/10.3.1/../../../arm-none-eabi/lib/thumb/v7e-m+fp/hard/crt0.o (memset)
/usr/lib/gcc/arm-none-eabi/10.3.1/../../../arm-none-eabi/lib/thumb/v7e-m+fp/hard/libg_nano.a(lib_a-puts.o)
                              CMakeFiles/F303-rtos.dir/Core/Src/main.c.obj (puts)
/usr/lib/gcc/arm-none-eabi/10.3.1/../../../arm-none-eabi/lib/thumb/v7e-m+fp/hard/libg_nano.a(lib_a-wbuf.o)
                              /usr/lib/gcc/arm-none-eabi/10.3.1/../../../arm-none-eabi/lib/thumb/v7e-m+fp/hard/libg_nano.a(lib_a-puts.o) (__swbuf_r)
/usr/lib/gcc/arm-none-eabi/10.3.1/../../../arm-none-eabi/lib/thumb/v7e-m+fp/hard/libg_nano.a(lib_a-wsetup.o)
                              /usr/lib/gcc/arm-none-eabi/10.3.1/../../../arm-none-eabi/lib/thumb/v7e-m+fp/hard/libg_nano.a(lib_a-puts.o) (__swsetup_r)
/usr/lib/gcc/arm-none-eabi/10.3.1/../../../arm-none-eabi/lib/thumb/v7e-m+fp/hard/libg_nano.a(lib_a-__atexit.o)
                              /usr/lib/gcc/arm-none-eabi/10.3.1/../../../arm-none-eabi/lib/thumb/v7e-m+fp/hard/libg_nano.a(lib_a-atexit.o) (__register_exitproc)
/usr/lib/gcc/arm-none-eabi/10.3.1/../../../arm-none-eabi/lib/thumb/v7e-m+fp/hard/libg_nano.a(lib_a-__call_atexit.o)
                              /usr/lib/gcc/arm-none-eabi/10.3.1/../../../arm-none-eabi/lib/thumb/v7e-m+fp/hard/libg_nano.a(lib_a-__atexit.o) (__call_exitprocs)
/usr/lib/gcc/arm-none-eabi/10.3.1/../../../arm-none-eabi/lib/thumb/v7e-m+fp/hard/libg_nano.a(lib_a-fflush.o)
                              /usr/lib/gcc/arm-none-eabi/10.3.1/../../../arm-none-eabi/lib/thumb/v7e-m+fp/hard/libg_nano.a(lib_a-wbuf.o) (_fflush_r)
/usr/lib/gcc/arm-none-eabi/10.3.1/../../../arm-none-eabi/lib/thumb/v7e-m+fp/hard/libg_nano.a(lib_a-findfp.o)
                              /usr/lib/gcc/arm-none-eabi/10.3.1/../../../arm-none-eabi/lib/thumb/v7e-m+fp/hard/libg_nano.a(lib_a-puts.o) (__sinit)
/usr/lib/gcc/arm-none-eabi/10.3.1/../../../arm-none-eabi/lib/thumb/v7e-m+fp/hard/libg_nano.a(lib_a-fwalk.o)
                              /usr/lib/gcc/arm-none-eabi/10.3.1/../../../arm-none-eabi/lib/thumb/v7e-m+fp/hard/libg_nano.a(lib_a-findfp.o) (_fwalk)
/usr/lib/gcc/arm-none-eabi/10.3.1/../../../arm-none-eabi/lib/thumb/v7e-m+fp/hard/libg_nano.a(lib_a-makebuf.o)
                              /usr/lib/gcc/arm-none-eabi/10.3.1/../../../arm-none-eabi/lib/thumb/v7e-m+fp/hard/libg_nano.a(lib_a-wsetup.o) (__smakebuf_r)
/usr/lib/gcc/arm-none-eabi/10.3.1/../../../arm-none-eabi/lib/thumb/v7e-m+fp/hard/libg_nano.a(lib_a-nano-freer.o)
                              /usr/lib/gcc/arm-none-eabi/10.3.1/../../../arm-none-eabi/lib/thumb/v7e-m+fp/hard/libg_nano.a(lib_a-wsetup.o) (_free_r)
/usr/lib/gcc/arm-none-eabi/10.3.1/../../../arm-none-eabi/lib/thumb/v7e-m+fp/hard/libg_nano.a(lib_a-nano-mallocr.o)
                              /usr/lib/gcc/arm-none-eabi/10.3.1/../../../arm-none-eabi/lib/thumb/v7e-m+fp/hard/libg_nano.a(lib_a-findfp.o) (_malloc_r)
/usr/lib/gcc/arm-none-eabi/10.3.1/../../../arm-none-eabi/lib/thumb/v7e-m+fp/hard/libg_nano.a(lib_a-sbrkr.o)
                              /usr/lib/gcc/arm-none-eabi/10.3.1/../../../arm-none-eabi/lib/thumb/v7e-m+fp/hard/libg_nano.a(lib_a-nano-mallocr.o) (_sbrk_r)
[...]
Memory Configuration

Name             Origin             Length             Attributes
RAM              0x0000000020000000 0x0000000000010000 xrw
CCMRAM           0x0000000010000000 0x0000000000004000 xrw
FLASH            0x0000000008000000 0x0000000000080000 xr
*default*        0x0000000000000000 0xffffffffffffffff

Linker script and memory map

LOAD /usr/lib/gcc/arm-none-eabi/10.3.1/thumb/v7e-m+fp/hard/crti.o
LOAD /usr/lib/gcc/arm-none-eabi/10.3.1/thumb/v7e-m+fp/hard/crtbegin.o
LOAD /usr/lib/gcc/arm-none-eabi/10.3.1/../../../arm-none-eabi/lib/thumb/v7e-m+fp/hard/crt0.o
LOAD CMakeFiles/F303-rtos.dir/Core/Src/main.c.obj
LOAD CMakeFiles/F303-rtos.dir/Core/Src/freertos.c.obj
LOAD CMakeFiles/F303-rtos.dir/Core/Src/stm32f3xx_it.c.obj
LOAD CMakeFiles/F303-rtos.dir/Core/Src/stm32f3xx_hal_msp.c.obj
LOAD CMakeFiles/F303-rtos.dir/Core/Src/stm32f3xx_hal_timebase_tim.c.obj
LOAD CMakeFiles/F303-rtos.dir/Core/Src/sysmem.c.obj
LOAD CMakeFiles/F303-rtos.dir/Core/Src/syscalls.c.obj
LOAD CMakeFiles/F303-rtos.dir/startup_stm32f303xe.s.obj
LOAD CMakeFiles/F303-rtos.dir/Custom/Src/esc.c.obj
LOAD CMakeFiles/F303-rtos.dir/Custom/Src/imu.c.obj
LOAD CMakeFiles/F303-rtos.dir/Custom/Src/servo.c.obj
LOAD cmake/stm32cubemx/CMakeFiles/STM32_Drivers.dir/__/__/Core/Src/system_stm32f3xx.c.obj
LOAD cmake/stm32cubemx/CMakeFiles/STM32_Drivers.dir/__/__/Drivers/STM32F3xx_HAL_Driver/Src/stm32f3xx_hal_tim.c.obj
LOAD cmake/stm32cubemx/CMakeFiles/STM32_Drivers.dir/__/__/Drivers/STM32F3xx_HAL_Driver/Src/stm32f3xx_hal_tim_ex.c.obj
LOAD cmake/stm32cubemx/CMakeFiles/STM32_Drivers.dir/__/__/Drivers/STM32F3xx_HAL_Driver/Src/stm32f3xx_hal.c.obj
LOAD cmake/stm32cubemx/CMakeFiles/STM32_Drivers.dir/__/__/Drivers/STM32F3xx_HAL_Driver/Src/stm32f3xx_hal_rcc.c.obj
LOAD cmake/stm32cubemx/CMakeFiles/STM32_Drivers.dir/__/__/Drivers/STM32F3xx_HAL_Driver/Src/stm32f3xx_hal_rcc_ex.c.obj
LOAD cmake/stm32cubemx/CMakeFiles/STM32_Drivers.dir/__/__/Drivers/STM32F3xx_HAL_Driver/Src/stm32f3xx_hal_gpio.c.obj
LOAD cmake/stm32cubemx/CMakeFiles/STM32_Drivers.dir/__/__/Drivers/STM32F3xx_HAL_Driver/Src/stm32f3xx_hal_dma.c.obj
LOAD cmake/stm32cubemx/CMakeFiles/STM32_Drivers.dir/__/__/Drivers/STM32F3xx_HAL_Driver/Src/stm32f3xx_hal_cortex.c.obj
LOAD cmake/stm32cubemx/CMakeFiles/STM32_Drivers.dir/__/__/Drivers/STM32F3xx_HAL_Driver/Src/stm32f3xx_hal_pwr.c.obj
LOAD cmake/stm32cubemx/CMakeFiles/STM32_Drivers.dir/__/__/Drivers/STM32F3xx_HAL_Driver/Src/stm32f3xx_hal_pwr_ex.c.obj
LOAD cmake/stm32cubemx/CMakeFiles/STM32_Drivers.dir/__/__/Drivers/STM32F3xx_HAL_Driver/Src/stm32f3xx_hal_flash.c.obj
LOAD cmake/stm32cubemx/CMakeFiles/STM32_Drivers.dir/__/__/Drivers/STM32F3xx_HAL_Driver/Src/stm32f3xx_hal_flash_ex.c.obj
LOAD cmake/stm32cubemx/CMakeFiles/STM32_Drivers.dir/__/__/Drivers/STM32F3xx_HAL_Driver/Src/stm32f3xx_hal_i2c.c.obj
LOAD cmake/stm32cubemx/CMakeFiles/STM32_Drivers.dir/__/__/Drivers/STM32F3xx_HAL_Driver/Src/stm32f3xx_hal_i2c_ex.c.obj
LOAD cmake/stm32cubemx/CMakeFiles/STM32_Drivers.dir/__/__/Drivers/STM32F3xx_HAL_Driver/Src/stm32f3xx_hal_exti.c.obj
LOAD cmake/stm32cubemx/CMakeFiles/STM32_Drivers.dir/__/__/Drivers/STM32F3xx_HAL_Driver/Src/stm32f3xx_hal_uart.c.obj
LOAD cmake/stm32cubemx/CMakeFiles/STM32_Drivers.dir/__/__/Drivers/STM32F3xx_HAL_Driver/Src/stm32f3xx_hal_uart_ex.c.obj
LOAD cmake/stm32cubemx/CMakeFiles/FreeRTOS.dir/__/__/Middlewares/Third_Party/FreeRTOS/Source/croutine.c.obj
LOAD cmake/stm32cubemx/CMakeFiles/FreeRTOS.dir/__/__/Middlewares/Third_Party/FreeRTOS/Source/event_groups.c.obj
LOAD cmake/stm32cubemx/CMakeFiles/FreeRTOS.dir/__/__/Middlewares/Third_Party/FreeRTOS/Source/list.c.obj
LOAD cmake/stm32cubemx/CMakeFiles/FreeRTOS.dir/__/__/Middlewares/Third_Party/FreeRTOS/Source/queue.c.obj
LOAD cmake/stm32cubemx/CMakeFiles/FreeRTOS.dir/__/__/Middlewares/Third_Party/FreeRTOS/Source/stream_buffer.c.obj
LOAD cmake/stm32cubemx/CMakeFiles/FreeRTOS.dir/__/__/Middlewares/Third_Party/FreeRTOS/Source/tasks.c.obj
LOAD cmake/stm32cubemx/CMakeFiles/FreeRTOS.dir/__/__/Middlewares/Third_Party/FreeRTOS/Source/timers.c.obj
LOAD cmake/stm32cubemx/CMakeFiles/FreeRTOS.dir/__/__/Middlewares/Third_Party/FreeRTOS/Source/CMSIS_RTOS_V2/cmsis_os2.c.obj
LOAD cmake/stm32cubemx/CMakeFiles/FreeRTOS.dir/__/__/Middlewares/Third_Party/FreeRTOS/Source/portable/MemMang/heap_4.c.obj
LOAD cmake/stm32cubemx/CMakeFiles/FreeRTOS.dir/__/__/Middlewares/Third_Party/FreeRTOS/Source/portable/GCC/ARM_CM4F/port.c.obj
LOAD /usr/lib/gcc/arm-none-eabi/10.3.1/../../../arm-none-eabi/lib/thumb/v7e-m+fp/hard/libm.a
START GROUP
LOAD /usr/lib/gcc/arm-none-eabi/10.3.1/thumb/v7e-m+fp/hard/libgcc.a
LOAD /usr/lib/gcc/arm-none-eabi/10.3.1/../../../arm-none-eabi/lib/thumb/v7e-m+fp/hard/libg_nano.a
LOAD /usr/lib/gcc/arm-none-eabi/10.3.1/../../../arm-none-eabi/lib/thumb/v7e-m+fp/hard/libc_nano.a
END GROUP
START GROUP
LOAD /usr/lib/gcc/arm-none-eabi/10.3.1/thumb/v7e-m+fp/hard/libgcc.a
LOAD /usr/lib/gcc/arm-none-eabi/10.3.1/../../../arm-none-eabi/lib/thumb/v7e-m+fp/hard/libc_nano.a
END GROUP
LOAD /usr/lib/gcc/arm-none-eabi/10.3.1/thumb/v7e-m+fp/hard/crtend.o
LOAD /usr/lib/gcc/arm-none-eabi/10.3.1/thumb/v7e-m+fp/hard/crtn.o
                0x0000000020010000                _estack = (ORIGIN (RAM) + LENGTH (RAM))
                0x000000002000fc00                _sstack = (_estack - _Min_Stack_Size)
                0x0000000000000200                _Min_Heap_Size = 0x200
                0x0000000000000400                _Min_Stack_Size = 0x400

.isr_vector     0x0000000008000000      0x194
                0x0000000008000000                . = ALIGN (0x4)
 *(.isr_vector)
 .isr_vector    0x0000000008000000      0x194 CMakeFiles/F303-rtos.dir/startup_stm32f303xe.s.obj
                0x0000000008000000                g_pfnVectors
                0x0000000008000194                . = ALIGN (0x4)

.text           0x00000000080001a0     0xaa50
                0x00000000080001a0                . = ALIGN (0x4)
 *(.text)
 .text          0x00000000080001a0       0x88 /usr/lib/gcc/arm-none-eabi/10.3.1/thumb/v7e-m+fp/hard/crtbegin.o
 .text          0x0000000008000228        0xc /usr/lib/gcc/arm-none-eabi/10.3.1/../../../arm-none-eabi/lib/thumb/v7e-m+fp/hard/libg_nano.a(lib_a-errno.o)
                0x0000000008000228                __errno
 .text          0x0000000008000234       0x48 /usr/lib/gcc/arm-none-eabi/10.3.1/../../../arm-none-eabi/lib/thumb/v7e-m+fp/hard/libg_nano.a(lib_a-init.o)
                0x0000000008000234                __libc_init_array
 .text          0x000000000800027c      0x134 /usr/lib/gcc/arm-none-eabi/10.3.1/../../../arm-none-eabi/lib/thumb/v7e-m+fp/hard/libg_nano.a(lib_a-memcpy.o)
                0x000000000800027c                memcpy
 .text          0x00000000080003b0       0xa4 /usr/lib/gcc/arm-none-eabi/10.3.1/../../../arm-none-eabi/lib/thumb/v7e-m+fp/hard/libg_nano.a(lib_a-memset.o)
                0x00000000080003b0                memset
 .text          0x0000000008000454       0xec /usr/lib/gcc/arm-none-eabi/10.3.1/../../../arm-none-eabi/lib/thumb/v7e-m+fp/hard/libg_nano.a(lib_a-puts.o)
                0x0000000008000454                _puts_r
                0x0000000008000530                puts
 .text          0x0000000008000540       0xc8 /usr/lib/gcc/arm-none-eabi/10.3.1/../../../arm-none-eabi/lib/thumb/v7e-m+fp/hard/libg_nano.a(lib_a-wbuf.o)
                0x0000000008000540                __swbuf_r
                0x00000000080005f0                __swbuf
 .text          0x0000000008000608      0x104 /usr/lib/gcc/arm-none-eabi/10.3.1/../../../arm-none-eabi/lib/thumb/v7e-m+fp/hard/libg_nano.a(lib_a-wsetup.o)
                0x0000000008000608                __swsetup_r
 .text          0x000000000800070c      0x1e8 /usr/lib/gcc/arm-none-eabi/10.3.1/../../../arm-none-eabi/lib/thumb/v7e-m+fp/hard/libg_nano.a(lib_a-fflush.o)
                0x000000000800070c                __sflush_r
                0x0000000008000820                _fflush_r
                0x0000000008000874                fflush
 .text          0x00000000080008f4      0x238 /usr/lib/gcc/arm-none-eabi/10.3.1/../../../arm-none-eabi/lib/thumb/v7e-m+fp/hard/libg_nano.a(lib_a-findfp.o)
                0x00000000080008f8                _cleanup_r
                0x0000000008000908                __sfmoreglue
                0x0000000008000938                __sfp
                0x0000000008000ad8                _cleanup
                0x0000000008000aec                __sinit
                0x0000000008000af4                __sfp_lock_acquire
                0x0000000008000af8                __sfp_lock_release
                0x0000000008000afc                __sinit_lock_acquire
                0x0000000008000b00                __sinit_lock_release
                0x0000000008000b04                __fp_lock_all
                0x0000000008000b18                __fp_unlock_all
 .text          0x0000000008000b2c       0x88 /usr/lib/gcc/arm-none-eabi/10.3.1/../../../arm-none-eabi/lib/thumb/v7e-m+fp/hard/libg_nano.a(lib_a-fwalk.o)
                0x0000000008000b2c                _fwalk
                0x0000000008000b6c                _fwalk_reent
 .text          0x0000000008000bb4      0x11c /usr/lib/gcc/arm-none-eabi/10.3.1/../../../arm-none-eabi/lib/thumb/v7e-m+fp/hard/libg_nano.a(lib_a-makebuf.o)
                0x0000000008000bb4                __smakebuf_r
                0x0000000008000c74                __swhatbuf_r
 .text          0x0000000008000cd0       0xc4 /usr/lib/gcc/arm-none-eabi/10.3.1/../../../arm-none-eabi/lib/thumb/v7e-m+fp/hard/libg_nano.a(lib_a-nano-freer.o)
                0x0000000008000cd0                _free_r
 .text          0x0000000008000d94       0xb4 /usr/lib/gcc/arm-none-eabi/10.3.1/../../../arm-none-eabi/lib/thumb/v7e-m+fp/hard/libg_nano.a(lib_a-nano-mallocr.o)
                0x0000000008000d94                _malloc_r
 .text          0x0000000008000e48       0x24 /usr/lib/gcc/arm-none-eabi/10.3.1/../../../arm-none-eabi/lib/thumb/v7e-m+fp/hard/libg_nano.a(lib_a-sbrkr.o)
                0x0000000008000e48                _sbrk_r
 .text          0x0000000008000e6c       0x90 /usr/lib/gcc/arm-none-eabi/10.3.1/../../../arm-none-eabi/lib/thumb/v7e-m+fp/hard/libg_nano.a(lib_a-stdio.o)
                0x0000000008000e6c                __sread
                0x0000000008000e90                __seofread
                0x0000000008000e94                __swrite
                0x0000000008000ed4                __sseek
                0x0000000008000ef4                __sclose
 .text          0x0000000008000efc       0x2c /usr/lib/gcc/arm-none-eabi/10.3.1/../../../arm-none-eabi/lib/thumb/v7e-m+fp/hard/libg_nano.a(lib_a-writer.o)
                0x0000000008000efc                _write_r
 .text          0x0000000008000f28       0x24 /usr/lib/gcc/arm-none-eabi/10.3.1/../../../arm-none-eabi/lib/thumb/v7e-m+fp/hard/libg_nano.a(lib_a-closer.o)
                0x0000000008000f28                _close_r
 .text          0x0000000008000f4c       0x2c /usr/lib/gcc/arm-none-eabi/10.3.1/../../../arm-none-eabi/lib/thumb/v7e-m+fp/hard/libg_nano.a(lib_a-fstatr.o)
                0x0000000008000f4c                _fstat_r
 .text          0x0000000008000f78       0x24 /usr/lib/gcc/arm-none-eabi/10.3.1/../../../arm-none-eabi/lib/thumb/v7e-m+fp/hard/libg_nano.a(lib_a-isattyr.o)
                0x0000000008000f78                _isatty_r
 .text          0x0000000008000f9c       0x2c /usr/lib/gcc/arm-none-eabi/10.3.1/../../../arm-none-eabi/lib/thumb/v7e-m+fp/hard/libg_nano.a(lib_a-lseekr.o)
                0x0000000008000f9c                _lseek_r
 .text          0x0000000008000fc8        0x8 /usr/lib/gcc/arm-none-eabi/10.3.1/../../../arm-none-eabi/lib/thumb/v7e-m+fp/hard/libg_nano.a(lib_a-mlock.o)
                0x0000000008000fc8                __malloc_lock
                0x0000000008000fcc                __malloc_unlock
 .text          0x0000000008000fd0       0x2c /usr/lib/gcc/arm-none-eabi/10.3.1/../../../arm-none-eabi/lib/thumb/v7e-m+fp/hard/libg_nano.a(lib_a-readr.o)
                0x0000000008000fd0                _read_r
 *(.text*)
 .text.__io_putchar
                0x0000000008000ffc       0x24 CMakeFiles/F303-rtos.dir/Core/Src/main.c.obj
                0x0000000008000ffc                __io_putchar
 .text.main     0x0000000008001020      0x370 CMakeFiles/F303-rtos.dir/Core/Src/main.c.obj
                0x0000000008001020                main
 .text.SystemClock_Config
                0x0000000008001390       0xd8 CMakeFiles/F303-rtos.dir/Core/Src/main.c.obj
                0x0000000008001390                SystemClock_Config
 .text.MX_I2C1_Init
                0x0000000008001468       0xb4 CMakeFiles/F303-rtos.dir/Core/Src/main.c.obj
 .text.MX_TIM1_Init
                0x000000000800151c      0x168 CMakeFiles/F303-rtos.dir/Core/Src/main.c.obj
 .text.MX_TIM2_Init
                0x0000000008001684       0xb4 CMakeFiles/F303-rtos.dir/Core/Src/main.c.obj
 .text.MX_TIM3_Init
                0x0000000008001738       0xf8 CMakeFiles/F303-rtos.dir/Core/Src/main.c.obj
 .text.MX_TIM4_Init
                0x0000000008001830       0xf8 CMakeFiles/F303-rtos.dir/Core/Src/main.c.obj
 .text.MX_USART2_UART_Init
                0x0000000008001928       0x60 CMakeFiles/F303-rtos.dir/Core/Src/main.c.obj
 .text.MX_DMA_Init
                0x0000000008001988       0x4c CMakeFiles/F303-rtos.dir/Core/Src/main.c.obj
 .text.MX_GPIO_Init
                0x00000000080019d4       0xcc CMakeFiles/F303-rtos.dir/Core/Src/main.c.obj
 .text.process  0x0000000008001aa0       0xe0 CMakeFiles/F303-rtos.dir/Core/Src/main.c.obj
                0x0000000008001aa0                process
 .text.HAL_UART_RxHalfCpltCallback
                0x0000000008001b80       0x38 CMakeFiles/F303-rtos.dir/Core/Src/main.c.obj
                0x0000000008001b80                HAL_UART_RxHalfCpltCallback
 .text.HAL_UART_RxCpltCallback
                0x0000000008001bb8       0x3c CMakeFiles/F303-rtos.dir/Core/Src/main.c.obj
                0x0000000008001bb8                HAL_UART_RxCpltCallback
 .text.StartDefaultTask
                0x0000000008001bf4       0x1a CMakeFiles/F303-rtos.dir/Core/Src/main.c.obj
                0x0000000008001bf4                StartDefaultTask
 *fill*         0x0000000008001c0e        0x2 
 .text.StartI2C_telemetry
                0x0000000008001c10       0x38 CMakeFiles/F303-rtos.dir/Core/Src/main.c.obj
                0x0000000008001c10                StartI2C_telemetry
 .text.HAL_TIM_PeriodElapsedCallback
                0x0000000008001c48       0x24 CMakeFiles/F303-rtos.dir/Core/Src/main.c.obj
                0x0000000008001c48                HAL_TIM_PeriodElapsedCallback
 .text.Error_Handler
                0x0000000008001c6c        0xa CMakeFiles/F303-rtos.dir/Core/Src/main.c.obj
                0x0000000008001c6c                Error_Handler
 .text.NMI_Handler
                0x0000000008001c76        0x6 CMakeFiles/F303-rtos.dir/Core/Src/stm32f3xx_it.c.obj
                0x0000000008001c76                NMI_Handler
 .text.HardFault_Handler
                0x0000000008001c7c        0x6 CMakeFiles/F303-rtos.dir/Core/Src/stm32f3xx_it.c.obj
                0x0000000008001c7c                HardFault_Handler
 .text.MemManage_Handler
                0x0000000008001c82        0x6 CMakeFiles/F303-rtos.dir/Core/Src/stm32f3xx_it.c.obj
                0x0000000008001c82                MemManage_Handler
 .text.BusFault_Handler
                0x0000000008001c88        0x6 CMakeFiles/F303-rtos.dir/Core/Src/stm32f3xx_it.c.obj
                0x0000000008001c88                BusFault_Handler
 .text.UsageFault_Handler
                0x0000000008001c8e        0x6 CMakeFiles/F303-rtos.dir/Core/Src/stm32f3xx_it.c.obj
                0x0000000008001c8e                UsageFault_Handler
 .text.DebugMon_Handler
                0x0000000008001c94        0xe CMakeFiles/F303-rtos.dir/Core/Src/stm32f3xx_it.c.obj
                0x0000000008001c94                DebugMon_Handler
 *fill*         0x0000000008001ca2        0x2 
 .text.DMA1_Channel6_IRQHandler
                0x0000000008001ca4       0x14 CMakeFiles/F303-rtos.dir/Core/Src/stm32f3xx_it.c.obj
                0x0000000008001ca4                DMA1_Channel6_IRQHandler
 .text.DMA1_Channel7_IRQHandler
                0x0000000008001cb8       0x14 CMakeFiles/F303-rtos.dir/Core/Src/stm32f3xx_it.c.obj
                0x0000000008001cb8                DMA1_Channel7_IRQHandler
 .text.USART2_IRQHandler
                0x0000000008001ccc       0x14 CMakeFiles/F303-rtos.dir/Core/Src/stm32f3xx_it.c.obj
                0x0000000008001ccc                USART2_IRQHandler
 .text.TIM6_DAC_IRQHandler
                0x0000000008001ce0       0x14 CMakeFiles/F303-rtos.dir/Core/Src/stm32f3xx_it.c.obj
                0x0000000008001ce0                TIM6_DAC_IRQHandler
 .text.HAL_MspInit
                0x0000000008001cf4       0x50 CMakeFiles/F303-rtos.dir/Core/Src/stm32f3xx_hal_msp.c.obj
                0x0000000008001cf4                HAL_MspInit
 .text.HAL_I2C_MspInit
                0x0000000008001d44       0xc4 CMakeFiles/F303-rtos.dir/Core/Src/stm32f3xx_hal_msp.c.obj
                0x0000000008001d44                HAL_I2C_MspInit
 .text.HAL_TIM_PWM_MspInit
                0x0000000008001e08       0xb4 CMakeFiles/F303-rtos.dir/Core/Src/stm32f3xx_hal_msp.c.obj
                0x0000000008001e08                HAL_TIM_PWM_MspInit
 .text.HAL_TIM_MspPostInit
                0x0000000008001ebc      0x1c0 CMakeFiles/F303-rtos.dir/Core/Src/stm32f3xx_hal_msp.c.obj
                0x0000000008001ebc                HAL_TIM_MspPostInit
 .text.HAL_UART_MspInit
                0x000000000800207c      0x140 CMakeFiles/F303-rtos.dir/Core/Src/stm32f3xx_hal_msp.c.obj
                0x000000000800207c                HAL_UART_MspInit
 .text.HAL_InitTick
                0x00000000080021bc       0xf4 CMakeFiles/F303-rtos.dir/Core/Src/stm32f3xx_hal_timebase_tim.c.obj
                0x00000000080021bc                HAL_InitTick
 .text._sbrk    0x00000000080022b0       0x6c CMakeFiles/F303-rtos.dir/Core/Src/sysmem.c.obj
                0x00000000080022b0                _sbrk
 .text._read    0x000000000800231c       0x3a CMakeFiles/F303-rtos.dir/Core/Src/syscalls.c.obj
                0x000000000800231c                _read
 .text._write   0x0000000008002356       0x38 CMakeFiles/F303-rtos.dir/Core/Src/syscalls.c.obj
                0x0000000008002356                _write
 .text._close   0x000000000800238e       0x18 CMakeFiles/F303-rtos.dir/Core/Src/syscalls.c.obj
                0x000000000800238e                _close
 .text._fstat   0x00000000080023a6       0x20 CMakeFiles/F303-rtos.dir/Core/Src/syscalls.c.obj
                0x00000000080023a6                _fstat
 .text._isatty  0x00000000080023c6       0x16 CMakeFiles/F303-rtos.dir/Core/Src/syscalls.c.obj
                0x00000000080023c6                _isatty
 .text._lseek   0x00000000080023dc       0x1a CMakeFiles/F303-rtos.dir/Core/Src/syscalls.c.obj
                0x00000000080023dc                _lseek
 *fill*         0x00000000080023f6        0x2 
 .text.Reset_Handler
                0x00000000080023f8       0x50 CMakeFiles/F303-rtos.dir/startup_stm32f303xe.s.obj
                0x00000000080023f8                Reset_Handler
 .text.Default_Handler
                0x0000000008002448        0x2 CMakeFiles/F303-rtos.dir/startup_stm32f303xe.s.obj
                0x0000000008002448                RTC_Alarm_IRQHandler
                0x0000000008002448                TIM8_TRG_COM_IRQHandler
                0x0000000008002448                TIM8_CC_IRQHandler
                0x0000000008002448                SPI4_IRQHandler
                0x0000000008002448                TIM1_CC_IRQHandler
                0x0000000008002448                USB_HP_IRQHandler
                0x0000000008002448                PVD_IRQHandler
                0x0000000008002448                TAMP_STAMP_IRQHandler
                0x0000000008002448                EXTI3_IRQHandler
                0x0000000008002448                I2C3_ER_IRQHandler
                0x0000000008002448                USB_HP_CAN_TX_IRQHandler
                0x0000000008002448                EXTI0_IRQHandler
                0x0000000008002448                I2C2_EV_IRQHandler
                0x0000000008002448                FPU_IRQHandler
                0x0000000008002448                TIM1_UP_TIM16_IRQHandler
                0x0000000008002448                ADC1_2_IRQHandler
                0x0000000008002448                SPI1_IRQHandler
                0x0000000008002448                CAN_SCE_IRQHandler
                0x0000000008002448                TIM8_UP_IRQHandler
                0x0000000008002448                DMA2_Channel2_IRQHandler
                0x0000000008002448                DMA1_Channel4_IRQHandler
                0x0000000008002448                TIM20_TRG_COM_IRQHandler
                0x0000000008002448                USART3_IRQHandler
                0x0000000008002448                UART5_IRQHandler
                0x0000000008002448                ADC3_IRQHandler
                0x0000000008002448                TIM4_IRQHandler
                0x0000000008002448                CAN_RX1_IRQHandler
                0x0000000008002448                DMA2_Channel1_IRQHandler
                0x0000000008002448                I2C1_EV_IRQHandler
                0x0000000008002448                UART4_IRQHandler
                0x0000000008002448                DMA2_Channel4_IRQHandler
                0x0000000008002448                TIM3_IRQHandler
                0x0000000008002448                RCC_IRQHandler
                0x0000000008002448                TIM20_UP_IRQHandler
                0x0000000008002448                DMA1_Channel1_IRQHandler
                0x0000000008002448                Default_Handler
                0x0000000008002448                USBWakeUp_RMP_IRQHandler
                0x0000000008002448                EXTI15_10_IRQHandler
                0x0000000008002448                TIM7_IRQHandler
                0x0000000008002448                I2C3_EV_IRQHandler
                0x0000000008002448                EXTI9_5_IRQHandler
                0x0000000008002448                RTC_WKUP_IRQHandler
                0x0000000008002448                SPI2_IRQHandler
                0x0000000008002448                USB_LP_CAN_RX0_IRQHandler
                0x0000000008002448                DMA2_Channel5_IRQHandler
                0x0000000008002448                DMA1_Channel5_IRQHandler
                0x0000000008002448                USB_LP_IRQHandler
                0x0000000008002448                EXTI4_IRQHandler
                0x0000000008002448                TIM1_TRG_COM_TIM17_IRQHandler
                0x0000000008002448                DMA1_Channel3_IRQHandler
                0x0000000008002448                ADC4_IRQHandler
                0x0000000008002448                WWDG_IRQHandler
                0x0000000008002448                TIM2_IRQHandler
                0x0000000008002448                COMP7_IRQHandler
                0x0000000008002448                COMP1_2_3_IRQHandler
                0x0000000008002448                EXTI1_IRQHandler
                0x0000000008002448                COMP4_5_6_IRQHandler
                0x0000000008002448                TIM20_BRK_IRQHandler
                0x0000000008002448                I2C2_ER_IRQHandler
                0x0000000008002448                DMA1_Channel2_IRQHandler
                0x0000000008002448                TIM8_BRK_IRQHandler
                0x0000000008002448                FLASH_IRQHandler
                0x0000000008002448                TIM20_CC_IRQHandler
                0x0000000008002448                USART1_IRQHandler
                0x0000000008002448                SPI3_IRQHandler
                0x0000000008002448                I2C1_ER_IRQHandler
                0x0000000008002448                FMC_IRQHandler
                0x0000000008002448                USBWakeUp_IRQHandler
                0x0000000008002448                DMA2_Channel3_IRQHandler
                0x0000000008002448                EXTI2_TSC_IRQHandler
                0x0000000008002448                TIM1_BRK_TIM15_IRQHandler
 .text.setESC   0x000000000800244a       0x64 CMakeFiles/F303-rtos.dir/Custom/Src/esc.c.obj
                0x000000000800244a                setESC
 .text.imu_read_nb
                0x00000000080024ae       0x46 CMakeFiles/F303-rtos.dir/Custom/Src/imu.c.obj
                0x00000000080024ae                imu_read_nb
 .text.imu_write_1b
                0x00000000080024f4       0x44 CMakeFiles/F303-rtos.dir/Custom/Src/imu.c.obj
                0x00000000080024f4                imu_write_1b
 .text.get_gyro_x
                0x0000000008002538       0x58 CMakeFiles/F303-rtos.dir/Custom/Src/imu.c.obj
                0x0000000008002538                get_gyro_x
 .text.get_gyro_y
                0x0000000008002590       0x58 CMakeFiles/F303-rtos.dir/Custom/Src/imu.c.obj
                0x0000000008002590                get_gyro_y
 .text.get_gyro_z
                0x00000000080025e8       0x58 CMakeFiles/F303-rtos.dir/Custom/Src/imu.c.obj
                0x00000000080025e8                get_gyro_z
 .text.get_accel_x
                0x0000000008002640       0x58 CMakeFiles/F303-rtos.dir/Custom/Src/imu.c.obj
                0x0000000008002640                get_accel_x
 .text.get_accel_y
                0x0000000008002698       0x58 CMakeFiles/F303-rtos.dir/Custom/Src/imu.c.obj
                0x0000000008002698                get_accel_y
 .text.get_accel_z
                0x00000000080026f0       0x58 CMakeFiles/F303-rtos.dir/Custom/Src/imu.c.obj
                0x00000000080026f0                get_accel_z
 .text.get_mag_x
                0x0000000008002748       0x58 CMakeFiles/F303-rtos.dir/Custom/Src/imu.c.obj
                0x0000000008002748                get_mag_x
 .text.get_mag_y
                0x00000000080027a0       0x58 CMakeFiles/F303-rtos.dir/Custom/Src/imu.c.obj
                0x00000000080027a0                get_mag_y
 .text.get_mag_z
                0x00000000080027f8       0x58 CMakeFiles/F303-rtos.dir/Custom/Src/imu.c.obj
                0x00000000080027f8                get_mag_z
 .text.get_packet
                0x0000000008002850       0xa4 CMakeFiles/F303-rtos.dir/Custom/Src/imu.c.obj
                0x0000000008002850                get_packet
 .text.clampVal
                0x00000000080028f4       0x6c CMakeFiles/F303-rtos.dir/Custom/Src/servo.c.obj
                0x00000000080028f4                clampVal
 .text.setServo
                0x0000000008002960       0x8a CMakeFiles/F303-rtos.dir/Custom/Src/servo.c.obj
                0x0000000008002960                setServo
 *fill*         0x00000000080029ea        0x2 
 .text.SystemInit
                0x00000000080029ec       0x24 cmake/stm32cubemx/CMakeFiles/STM32_Drivers.dir/__/__/Core/Src/system_stm32f3xx.c.obj
                0x00000000080029ec                SystemInit
 .text.HAL_TIM_Base_Init
                0x0000000008002a10       0xae cmake/stm32cubemx/CMakeFiles/STM32_Drivers.dir/__/__/Drivers/STM32F3xx_HAL_Driver/Src/stm32f3xx_hal_tim.c.obj
                0x0000000008002a10                HAL_TIM_Base_Init
 .text.HAL_TIM_Base_MspInit
                0x0000000008002abe       0x14 cmake/stm32cubemx/CMakeFiles/STM32_Drivers.dir/__/__/Drivers/STM32F3xx_HAL_Driver/Src/stm32f3xx_hal_tim.c.obj
                0x0000000008002abe                HAL_TIM_Base_MspInit
 *fill*         0x0000000008002ad2        0x2 
 .text.HAL_TIM_Base_Start_IT
                0x0000000008002ad4       0xe0 cmake/stm32cubemx/CMakeFiles/STM32_Drivers.dir/__/__/Drivers/STM32F3xx_HAL_Driver/Src/stm32f3xx_hal_tim.c.obj
                0x0000000008002ad4                HAL_TIM_Base_Start_IT
 .text.HAL_TIM_PWM_Init
                0x0000000008002bb4       0xae cmake/stm32cubemx/CMakeFiles/STM32_Drivers.dir/__/__/Drivers/STM32F3xx_HAL_Driver/Src/stm32f3xx_hal_tim.c.obj
                0x0000000008002bb4                HAL_TIM_PWM_Init
 *fill*         0x0000000008002c62        0x2 
 .text.HAL_TIM_PWM_Start
                0x0000000008002c64      0x218 cmake/stm32cubemx/CMakeFiles/STM32_Drivers.dir/__/__/Drivers/STM32F3xx_HAL_Driver/Src/stm32f3xx_hal_tim.c.obj
                0x0000000008002c64                HAL_TIM_PWM_Start
 .text.HAL_TIM_IRQHandler
                0x0000000008002e7c      0x204 cmake/stm32cubemx/CMakeFiles/STM32_Drivers.dir/__/__/Drivers/STM32F3xx_HAL_Driver/Src/stm32f3xx_hal_tim.c.obj
                0x0000000008002e7c                HAL_TIM_IRQHandler
 .text.HAL_TIM_PWM_ConfigChannel
                0x0000000008003080      0x228 cmake/stm32cubemx/CMakeFiles/STM32_Drivers.dir/__/__/Drivers/STM32F3xx_HAL_Driver/Src/stm32f3xx_hal_tim.c.obj
                0x0000000008003080                HAL_TIM_PWM_ConfigChannel
 .text.HAL_TIM_OC_DelayElapsedCallback
                0x00000000080032a8       0x14 cmake/stm32cubemx/CMakeFiles/STM32_Drivers.dir/__/__/Drivers/STM32F3xx_HAL_Driver/Src/stm32f3xx_hal_tim.c.obj
                0x00000000080032a8                HAL_TIM_OC_DelayElapsedCallback
 .text.HAL_TIM_IC_CaptureCallback
                0x00000000080032bc       0x14 cmake/stm32cubemx/CMakeFiles/STM32_Drivers.dir/__/__/Drivers/STM32F3xx_HAL_Driver/Src/stm32f3xx_hal_tim.c.obj
                0x00000000080032bc                HAL_TIM_IC_CaptureCallback
 .text.HAL_TIM_PWM_PulseFinishedCallback
                0x00000000080032d0       0x14 cmake/stm32cubemx/CMakeFiles/STM32_Drivers.dir/__/__/Drivers/STM32F3xx_HAL_Driver/Src/stm32f3xx_hal_tim.c.obj
                0x00000000080032d0                HAL_TIM_PWM_PulseFinishedCallback
 .text.HAL_TIM_TriggerCallback
                0x00000000080032e4       0x14 cmake/stm32cubemx/CMakeFiles/STM32_Drivers.dir/__/__/Drivers/STM32F3xx_HAL_Driver/Src/stm32f3xx_hal_tim.c.obj
                0x00000000080032e4                HAL_TIM_TriggerCallback
 .text.TIM_Base_SetConfig
                0x00000000080032f8      0x154 cmake/stm32cubemx/CMakeFiles/STM32_Drivers.dir/__/__/Drivers/STM32F3xx_HAL_Driver/Src/stm32f3xx_hal_tim.c.obj
                0x00000000080032f8                TIM_Base_SetConfig
 .text.TIM_OC1_SetConfig
                0x000000000800344c      0x134 cmake/stm32cubemx/CMakeFiles/STM32_Drivers.dir/__/__/Drivers/STM32F3xx_HAL_Driver/Src/stm32f3xx_hal_tim.c.obj
 .text.TIM_OC2_SetConfig
                0x0000000008003580      0x128 cmake/stm32cubemx/CMakeFiles/STM32_Drivers.dir/__/__/Drivers/STM32F3xx_HAL_Driver/Src/stm32f3xx_hal_tim.c.obj
                0x0000000008003580                TIM_OC2_SetConfig
 .text.TIM_OC3_SetConfig
                0x00000000080036a8      0x124 cmake/stm32cubemx/CMakeFiles/STM32_Drivers.dir/__/__/Drivers/STM32F3xx_HAL_Driver/Src/stm32f3xx_hal_tim.c.obj
 .text.TIM_OC4_SetConfig
                0x00000000080037cc       0xe0 cmake/stm32cubemx/CMakeFiles/STM32_Drivers.dir/__/__/Drivers/STM32F3xx_HAL_Driver/Src/stm32f3xx_hal_tim.c.obj
 .text.TIM_OC5_SetConfig
                0x00000000080038ac       0xd4 cmake/stm32cubemx/CMakeFiles/STM32_Drivers.dir/__/__/Drivers/STM32F3xx_HAL_Driver/Src/stm32f3xx_hal_tim.c.obj
 .text.TIM_OC6_SetConfig
                0x0000000008003980       0xd8 cmake/stm32cubemx/CMakeFiles/STM32_Drivers.dir/__/__/Drivers/STM32F3xx_HAL_Driver/Src/stm32f3xx_hal_tim.c.obj
 .text.TIM_CCxChannelCmd
                0x0000000008003a58       0x4a cmake/stm32cubemx/CMakeFiles/STM32_Drivers.dir/__/__/Drivers/STM32F3xx_HAL_Driver/Src/stm32f3xx_hal_tim.c.obj
                0x0000000008003a58                TIM_CCxChannelCmd
 *fill*         0x0000000008003aa2        0x2 
 .text.HAL_TIMEx_MasterConfigSynchronization
                0x0000000008003aa4      0x118 cmake/stm32cubemx/CMakeFiles/STM32_Drivers.dir/__/__/Drivers/STM32F3xx_HAL_Driver/Src/stm32f3xx_hal_tim_ex.c.obj
                0x0000000008003aa4                HAL_TIMEx_MasterConfigSynchronization
 .text.HAL_TIMEx_ConfigBreakDeadTime
                0x0000000008003bbc      0x10c cmake/stm32cubemx/CMakeFiles/STM32_Drivers.dir/__/__/Drivers/STM32F3xx_HAL_Driver/Src/stm32f3xx_hal_tim_ex.c.obj
                0x0000000008003bbc                HAL_TIMEx_ConfigBreakDeadTime
 .text.HAL_TIMEx_CommutCallback
                0x0000000008003cc8       0x14 cmake/stm32cubemx/CMakeFiles/STM32_Drivers.dir/__/__/Drivers/STM32F3xx_HAL_Driver/Src/stm32f3xx_hal_tim_ex.c.obj
                0x0000000008003cc8                HAL_TIMEx_CommutCallback
 .text.HAL_TIMEx_BreakCallback
                0x0000000008003cdc       0x14 cmake/stm32cubemx/CMakeFiles/STM32_Drivers.dir/__/__/Drivers/STM32F3xx_HAL_Driver/Src/stm32f3xx_hal_tim_ex.c.obj
                0x0000000008003cdc                HAL_TIMEx_BreakCallback
 .text.HAL_TIMEx_Break2Callback
                0x0000000008003cf0       0x14 cmake/stm32cubemx/CMakeFiles/STM32_Drivers.dir/__/__/Drivers/STM32F3xx_HAL_Driver/Src/stm32f3xx_hal_tim_ex.c.obj
                0x0000000008003cf0                HAL_TIMEx_Break2Callback
 .text.HAL_Init
                0x0000000008003d04       0x2c cmake/stm32cubemx/CMakeFiles/STM32_Drivers.dir/__/__/Drivers/STM32F3xx_HAL_Driver/Src/stm32f3xx_hal.c.obj
                0x0000000008003d04                HAL_Init
 .text.HAL_IncTick
                0x0000000008003d30       0x28 cmake/stm32cubemx/CMakeFiles/STM32_Drivers.dir/__/__/Drivers/STM32F3xx_HAL_Driver/Src/stm32f3xx_hal.c.obj
                0x0000000008003d30                HAL_IncTick
 .text.HAL_GetTick
                0x0000000008003d58       0x18 cmake/stm32cubemx/CMakeFiles/STM32_Drivers.dir/__/__/Drivers/STM32F3xx_HAL_Driver/Src/stm32f3xx_hal.c.obj
                0x0000000008003d58                HAL_GetTick
 .text.HAL_Delay
                0x0000000008003d70       0x48 cmake/stm32cubemx/CMakeFiles/STM32_Drivers.dir/__/__/Drivers/STM32F3xx_HAL_Driver/Src/stm32f3xx_hal.c.obj
                0x0000000008003d70                HAL_Delay
 .text.HAL_RCC_OscConfig
                0x0000000008003db8     0x10a8 cmake/stm32cubemx/CMakeFiles/STM32_Drivers.dir/__/__/Drivers/STM32F3xx_HAL_Driver/Src/stm32f3xx_hal_rcc.c.obj
                0x0000000008003db8                HAL_RCC_OscConfig
 .text.HAL_RCC_ClockConfig
                0x0000000008004e60      0x2f8 cmake/stm32cubemx/CMakeFiles/STM32_Drivers.dir/__/__/Drivers/STM32F3xx_HAL_Driver/Src/stm32f3xx_hal_rcc.c.obj
                0x0000000008004e60                HAL_RCC_ClockConfig
 .text.HAL_RCC_GetSysClockFreq
                0x0000000008005158       0xa8 cmake/stm32cubemx/CMakeFiles/STM32_Drivers.dir/__/__/Drivers/STM32F3xx_HAL_Driver/Src/stm32f3xx_hal_rcc.c.obj
                0x0000000008005158                HAL_RCC_GetSysClockFreq
 .text.HAL_RCC_GetHCLKFreq
                0x0000000008005200       0x18 cmake/stm32cubemx/CMakeFiles/STM32_Drivers.dir/__/__/Drivers/STM32F3xx_HAL_Driver/Src/stm32f3xx_hal_rcc.c.obj
                0x0000000008005200                HAL_RCC_GetHCLKFreq
 .text.HAL_RCC_GetPCLK1Freq
                0x0000000008005218       0x44 cmake/stm32cubemx/CMakeFiles/STM32_Drivers.dir/__/__/Drivers/STM32F3xx_HAL_Driver/Src/stm32f3xx_hal_rcc.c.obj
                0x0000000008005218                HAL_RCC_GetPCLK1Freq
 .text.HAL_RCC_GetPCLK2Freq
                0x000000000800525c       0x44 cmake/stm32cubemx/CMakeFiles/STM32_Drivers.dir/__/__/Drivers/STM32F3xx_HAL_Driver/Src/stm32f3xx_hal_rcc.c.obj
                0x000000000800525c                HAL_RCC_GetPCLK2Freq
 .text.HAL_RCC_GetClockConfig
                0x00000000080052a0       0x64 cmake/stm32cubemx/CMakeFiles/STM32_Drivers.dir/__/__/Drivers/STM32F3xx_HAL_Driver/Src/stm32f3xx_hal_rcc.c.obj
                0x00000000080052a0                HAL_RCC_GetClockConfig
 .text.HAL_RCCEx_PeriphCLKConfig
                0x0000000008005304      0x43c cmake/stm32cubemx/CMakeFiles/STM32_Drivers.dir/__/__/Drivers/STM32F3xx_HAL_Driver/Src/stm32f3xx_hal_rcc_ex.c.obj
                0x0000000008005304                HAL_RCCEx_PeriphCLKConfig
 .text.HAL_GPIO_Init
                0x0000000008005740      0x314 cmake/stm32cubemx/CMakeFiles/STM32_Drivers.dir/__/__/Drivers/STM32F3xx_HAL_Driver/Src/stm32f3xx_hal_gpio.c.obj
                0x0000000008005740                HAL_GPIO_Init
 .text.HAL_GPIO_WritePin
                0x0000000008005a54       0x30 cmake/stm32cubemx/CMakeFiles/STM32_Drivers.dir/__/__/Drivers/STM32F3xx_HAL_Driver/Src/stm32f3xx_hal_gpio.c.obj
                0x0000000008005a54                HAL_GPIO_WritePin
 .text.HAL_GPIO_TogglePin
                0x0000000008005a84       0x34 cmake/stm32cubemx/CMakeFiles/STM32_Drivers.dir/__/__/Drivers/STM32F3xx_HAL_Driver/Src/stm32f3xx_hal_gpio.c.obj
                0x0000000008005a84                HAL_GPIO_TogglePin
 .text.HAL_DMA_Init
                0x0000000008005ab8       0x8e cmake/stm32cubemx/CMakeFiles/STM32_Drivers.dir/__/__/Drivers/STM32F3xx_HAL_Driver/Src/stm32f3xx_hal_dma.c.obj
                0x0000000008005ab8                HAL_DMA_Init
 .text.HAL_DMA_Start_IT
                0x0000000008005b46       0xbe cmake/stm32cubemx/CMakeFiles/STM32_Drivers.dir/__/__/Drivers/STM32F3xx_HAL_Driver/Src/stm32f3xx_hal_dma.c.obj
                0x0000000008005b46                HAL_DMA_Start_IT
 .text.HAL_DMA_Abort
                0x0000000008005c04       0x7c cmake/stm32cubemx/CMakeFiles/STM32_Drivers.dir/__/__/Drivers/STM32F3xx_HAL_Driver/Src/stm32f3xx_hal_dma.c.obj
                0x0000000008005c04                HAL_DMA_Abort
 .text.HAL_DMA_Abort_IT
                0x0000000008005c80       0x7c cmake/stm32cubemx/CMakeFiles/STM32_Drivers.dir/__/__/Drivers/STM32F3xx_HAL_Driver/Src/stm32f3xx_hal_dma.c.obj
                0x0000000008005c80                HAL_DMA_Abort_IT
 .text.HAL_DMA_IRQHandler
                0x0000000008005cfc      0x146 cmake/stm32cubemx/CMakeFiles/STM32_Drivers.dir/__/__/Drivers/STM32F3xx_HAL_Driver/Src/stm32f3xx_hal_dma.c.obj
                0x0000000008005cfc                HAL_DMA_IRQHandler
 .text.DMA_SetConfig
                0x0000000008005e42       0x5c cmake/stm32cubemx/CMakeFiles/STM32_Drivers.dir/__/__/Drivers/STM32F3xx_HAL_Driver/Src/stm32f3xx_hal_dma.c.obj
 *fill*         0x0000000008005e9e        0x2 
 .text.DMA_CalcBaseAndBitshift
                0x0000000008005ea0       0x78 cmake/stm32cubemx/CMakeFiles/STM32_Drivers.dir/__/__/Drivers/STM32F3xx_HAL_Driver/Src/stm32f3xx_hal_dma.c.obj
 .text.__NVIC_SetPriorityGrouping
                0x0000000008005f18       0x48 cmake/stm32cubemx/CMakeFiles/STM32_Drivers.dir/__/__/Drivers/STM32F3xx_HAL_Driver/Src/stm32f3xx_hal_cortex.c.obj
 .text.__NVIC_GetPriorityGrouping
                0x0000000008005f60       0x1c cmake/stm32cubemx/CMakeFiles/STM32_Drivers.dir/__/__/Drivers/STM32F3xx_HAL_Driver/Src/stm32f3xx_hal_cortex.c.obj
 .text.__NVIC_EnableIRQ
                0x0000000008005f7c       0x3c cmake/stm32cubemx/CMakeFiles/STM32_Drivers.dir/__/__/Drivers/STM32F3xx_HAL_Driver/Src/stm32f3xx_hal_cortex.c.obj
 .text.__NVIC_SetPriority
                0x0000000008005fb8       0x54 cmake/stm32cubemx/CMakeFiles/STM32_Drivers.dir/__/__/Drivers/STM32F3xx_HAL_Driver/Src/stm32f3xx_hal_cortex.c.obj
 .text.NVIC_EncodePriority
                0x000000000800600c       0x66 cmake/stm32cubemx/CMakeFiles/STM32_Drivers.dir/__/__/Drivers/STM32F3xx_HAL_Driver/Src/stm32f3xx_hal_cortex.c.obj
 .text.HAL_NVIC_SetPriorityGrouping
                0x0000000008006072       0x16 cmake/stm32cubemx/CMakeFiles/STM32_Drivers.dir/__/__/Drivers/STM32F3xx_HAL_Driver/Src/stm32f3xx_hal_cortex.c.obj
                0x0000000008006072                HAL_NVIC_SetPriorityGrouping
 .text.HAL_NVIC_SetPriority
                0x0000000008006088       0x38 cmake/stm32cubemx/CMakeFiles/STM32_Drivers.dir/__/__/Drivers/STM32F3xx_HAL_Driver/Src/stm32f3xx_hal_cortex.c.obj
                0x0000000008006088                HAL_NVIC_SetPriority
 .text.HAL_NVIC_EnableIRQ
                0x00000000080060c0       0x1c cmake/stm32cubemx/CMakeFiles/STM32_Drivers.dir/__/__/Drivers/STM32F3xx_HAL_Driver/Src/stm32f3xx_hal_cortex.c.obj
                0x00000000080060c0                HAL_NVIC_EnableIRQ
 .text.HAL_I2C_Init
                0x00000000080060dc      0x136 cmake/stm32cubemx/CMakeFiles/STM32_Drivers.dir/__/__/Drivers/STM32F3xx_HAL_Driver/Src/stm32f3xx_hal_i2c.c.obj
                0x00000000080060dc                HAL_I2C_Init
 *fill*         0x0000000008006212        0x2 
 .text.HAL_I2C_Mem_Write
                0x0000000008006214      0x228 cmake/stm32cubemx/CMakeFiles/STM32_Drivers.dir/__/__/Drivers/STM32F3xx_HAL_Driver/Src/stm32f3xx_hal_i2c.c.obj
                0x0000000008006214                HAL_I2C_Mem_Write
 .text.HAL_I2C_Mem_Read
                0x000000000800643c      0x234 cmake/stm32cubemx/CMakeFiles/STM32_Drivers.dir/__/__/Drivers/STM32F3xx_HAL_Driver/Src/stm32f3xx_hal_i2c.c.obj
                0x000000000800643c                HAL_I2C_Mem_Read
 .text.I2C_RequestMemoryWrite
                0x0000000008006670       0xa8 cmake/stm32cubemx/CMakeFiles/STM32_Drivers.dir/__/__/Drivers/STM32F3xx_HAL_Driver/Src/stm32f3xx_hal_i2c.c.obj
 .text.I2C_RequestMemoryRead
                0x0000000008006718       0xa8 cmake/stm32cubemx/CMakeFiles/STM32_Drivers.dir/__/__/Drivers/STM32F3xx_HAL_Driver/Src/stm32f3xx_hal_i2c.c.obj
 .text.I2C_Flush_TXDR
                0x00000000080067c0       0x48 cmake/stm32cubemx/CMakeFiles/STM32_Drivers.dir/__/__/Drivers/STM32F3xx_HAL_Driver/Src/stm32f3xx_hal_i2c.c.obj
 .text.I2C_WaitOnFlagUntilTimeout
                0x0000000008006808       0xb2 cmake/stm32cubemx/CMakeFiles/STM32_Drivers.dir/__/__/Drivers/STM32F3xx_HAL_Driver/Src/stm32f3xx_hal_i2c.c.obj
 .text.I2C_WaitOnTXISFlagUntilTimeout
                0x00000000080068ba       0x8e cmake/stm32cubemx/CMakeFiles/STM32_Drivers.dir/__/__/Drivers/STM32F3xx_HAL_Driver/Src/stm32f3xx_hal_i2c.c.obj
 .text.I2C_WaitOnSTOPFlagUntilTimeout
                0x0000000008006948       0x86 cmake/stm32cubemx/CMakeFiles/STM32_Drivers.dir/__/__/Drivers/STM32F3xx_HAL_Driver/Src/stm32f3xx_hal_i2c.c.obj
 *fill*         0x00000000080069ce        0x2 
 .text.I2C_IsErrorOccurred
                0x00000000080069d0      0x1c0 cmake/stm32cubemx/CMakeFiles/STM32_Drivers.dir/__/__/Drivers/STM32F3xx_HAL_Driver/Src/stm32f3xx_hal_i2c.c.obj
 .text.I2C_TransferConfig
                0x0000000008006b90       0x64 cmake/stm32cubemx/CMakeFiles/STM32_Drivers.dir/__/__/Drivers/STM32F3xx_HAL_Driver/Src/stm32f3xx_hal_i2c.c.obj
 .text.HAL_I2CEx_ConfigAnalogFilter
                0x0000000008006bf4       0x96 cmake/stm32cubemx/CMakeFiles/STM32_Drivers.dir/__/__/Drivers/STM32F3xx_HAL_Driver/Src/stm32f3xx_hal_i2c_ex.c.obj
                0x0000000008006bf4                HAL_I2CEx_ConfigAnalogFilter
 .text.HAL_I2CEx_ConfigDigitalFilter
                0x0000000008006c8a       0x98 cmake/stm32cubemx/CMakeFiles/STM32_Drivers.dir/__/__/Drivers/STM32F3xx_HAL_Driver/Src/stm32f3xx_hal_i2c_ex.c.obj
                0x0000000008006c8a                HAL_I2CEx_ConfigDigitalFilter
 .text.HAL_UART_Init
                0x0000000008006d22       0x9c cmake/stm32cubemx/CMakeFiles/STM32_Drivers.dir/__/__/Drivers/STM32F3xx_HAL_Driver/Src/stm32f3xx_hal_uart.c.obj
                0x0000000008006d22                HAL_UART_Init
 .text.HAL_UART_Transmit
                0x0000000008006dbe      0x114 cmake/stm32cubemx/CMakeFiles/STM32_Drivers.dir/__/__/Drivers/STM32F3xx_HAL_Driver/Src/stm32f3xx_hal_uart.c.obj
                0x0000000008006dbe                HAL_UART_Transmit
 .text.HAL_UART_Receive_DMA
                0x0000000008006ed2       0x88 cmake/stm32cubemx/CMakeFiles/STM32_Drivers.dir/__/__/Drivers/STM32F3xx_HAL_Driver/Src/stm32f3xx_hal_uart.c.obj
                0x0000000008006ed2                HAL_UART_Receive_DMA
 *fill*         0x0000000008006f5a        0x2 
 .text.HAL_UART_IRQHandler
                0x0000000008006f5c      0x5cc cmake/stm32cubemx/CMakeFiles/STM32_Drivers.dir/__/__/Drivers/STM32F3xx_HAL_Driver/Src/stm32f3xx_hal_uart.c.obj
                0x0000000008006f5c                HAL_UART_IRQHandler
 .text.HAL_UART_TxCpltCallback
                0x0000000008007528       0x14 cmake/stm32cubemx/CMakeFiles/STM32_Drivers.dir/__/__/Drivers/STM32F3xx_HAL_Driver/Src/stm32f3xx_hal_uart.c.obj
                0x0000000008007528                HAL_UART_TxCpltCallback
 .text.HAL_UART_ErrorCallback
                0x000000000800753c       0x14 cmake/stm32cubemx/CMakeFiles/STM32_Drivers.dir/__/__/Drivers/STM32F3xx_HAL_Driver/Src/stm32f3xx_hal_uart.c.obj
                0x000000000800753c                HAL_UART_ErrorCallback
 .text.HAL_UARTEx_RxEventCallback
                0x0000000008007550       0x18 cmake/stm32cubemx/CMakeFiles/STM32_Drivers.dir/__/__/Drivers/STM32F3xx_HAL_Driver/Src/stm32f3xx_hal_uart.c.obj
                0x0000000008007550                HAL_UARTEx_RxEventCallback
 .text.UART_SetConfig
                0x0000000008007568      0x3a8 cmake/stm32cubemx/CMakeFiles/STM32_Drivers.dir/__/__/Drivers/STM32F3xx_HAL_Driver/Src/stm32f3xx_hal_uart.c.obj
                0x0000000008007568                UART_SetConfig
 .text.UART_AdvFeatureConfig
                0x0000000008007910      0x144 cmake/stm32cubemx/CMakeFiles/STM32_Drivers.dir/__/__/Drivers/STM32F3xx_HAL_Driver/Src/stm32f3xx_hal_uart.c.obj
                0x0000000008007910                UART_AdvFeatureConfig
 .text.UART_CheckIdleState
                0x0000000008007a54      0x150 cmake/stm32cubemx/CMakeFiles/STM32_Drivers.dir/__/__/Drivers/STM32F3xx_HAL_Driver/Src/stm32f3xx_hal_uart.c.obj
                0x0000000008007a54                UART_CheckIdleState
 .text.UART_WaitOnFlagUntilTimeout
                0x0000000008007ba4       0xda cmake/stm32cubemx/CMakeFiles/STM32_Drivers.dir/__/__/Drivers/STM32F3xx_HAL_Driver/Src/stm32f3xx_hal_uart.c.obj
                0x0000000008007ba4                UART_WaitOnFlagUntilTimeout
 *fill*         0x0000000008007c7e        0x2 
 .text.UART_Start_Receive_DMA
                0x0000000008007c80      0x140 cmake/stm32cubemx/CMakeFiles/STM32_Drivers.dir/__/__/Drivers/STM32F3xx_HAL_Driver/Src/stm32f3xx_hal_uart.c.obj
                0x0000000008007c80                UART_Start_Receive_DMA
 .text.UART_EndTxTransfer
                0x0000000008007dc0       0x4c cmake/stm32cubemx/CMakeFiles/STM32_Drivers.dir/__/__/Drivers/STM32F3xx_HAL_Driver/Src/stm32f3xx_hal_uart.c.obj
 .text.UART_EndRxTransfer
                0x0000000008007e0c       0xc8 cmake/stm32cubemx/CMakeFiles/STM32_Drivers.dir/__/__/Drivers/STM32F3xx_HAL_Driver/Src/stm32f3xx_hal_uart.c.obj
 .text.UART_DMAReceiveCplt
                0x0000000008007ed4      0x126 cmake/stm32cubemx/CMakeFiles/STM32_Drivers.dir/__/__/Drivers/STM32F3xx_HAL_Driver/Src/stm32f3xx_hal_uart.c.obj
 .text.UART_DMARxHalfCplt
                0x0000000008007ffa       0x3e cmake/stm32cubemx/CMakeFiles/STM32_Drivers.dir/__/__/Drivers/STM32F3xx_HAL_Driver/Src/stm32f3xx_hal_uart.c.obj
 .text.UART_DMAError
                0x0000000008008038       0x7e cmake/stm32cubemx/CMakeFiles/STM32_Drivers.dir/__/__/Drivers/STM32F3xx_HAL_Driver/Src/stm32f3xx_hal_uart.c.obj
 .text.UART_DMAAbortOnError
                0x00000000080080b6       0x2c cmake/stm32cubemx/CMakeFiles/STM32_Drivers.dir/__/__/Drivers/STM32F3xx_HAL_Driver/Src/stm32f3xx_hal_uart.c.obj
 .text.UART_EndTransmit_IT
                0x00000000080080e2       0x54 cmake/stm32cubemx/CMakeFiles/STM32_Drivers.dir/__/__/Drivers/STM32F3xx_HAL_Driver/Src/stm32f3xx_hal_uart.c.obj
 .text.HAL_UARTEx_WakeupCallback
                0x0000000008008136       0x14 cmake/stm32cubemx/CMakeFiles/STM32_Drivers.dir/__/__/Drivers/STM32F3xx_HAL_Driver/Src/stm32f3xx_hal_uart_ex.c.obj
                0x0000000008008136                HAL_UARTEx_WakeupCallback
 .text.vListInitialise
                0x000000000800814a       0x40 cmake/stm32cubemx/CMakeFiles/FreeRTOS.dir/__/__/Middlewares/Third_Party/FreeRTOS/Source/list.c.obj
                0x000000000800814a                vListInitialise
 .text.vListInitialiseItem
                0x000000000800818a       0x1a cmake/stm32cubemx/CMakeFiles/FreeRTOS.dir/__/__/Middlewares/Third_Party/FreeRTOS/Source/list.c.obj
                0x000000000800818a                vListInitialiseItem
 .text.vListInsertEnd
                0x00000000080081a4       0x48 cmake/stm32cubemx/CMakeFiles/FreeRTOS.dir/__/__/Middlewares/Third_Party/FreeRTOS/Source/list.c.obj
                0x00000000080081a4                vListInsertEnd
 .text.vListInsert
                0x00000000080081ec       0x72 cmake/stm32cubemx/CMakeFiles/FreeRTOS.dir/__/__/Middlewares/Third_Party/FreeRTOS/Source/list.c.obj
                0x00000000080081ec                vListInsert
 .text.uxListRemove
                0x000000000800825e       0x54 cmake/stm32cubemx/CMakeFiles/FreeRTOS.dir/__/__/Middlewares/Third_Party/FreeRTOS/Source/list.c.obj
                0x000000000800825e                uxListRemove
 *fill*         0x00000000080082b2        0x2 
 .text.xQueueGenericReset
                0x00000000080082b4       0xd0 cmake/stm32cubemx/CMakeFiles/FreeRTOS.dir/__/__/Middlewares/Third_Party/FreeRTOS/Source/queue.c.obj
                0x00000000080082b4                xQueueGenericReset
 .text.xQueueGenericCreateStatic
                0x0000000008008384       0xee cmake/stm32cubemx/CMakeFiles/FreeRTOS.dir/__/__/Middlewares/Third_Party/FreeRTOS/Source/queue.c.obj
                0x0000000008008384                xQueueGenericCreateStatic
 .text.prvInitialiseNewQueue
                0x0000000008008472       0x46 cmake/stm32cubemx/CMakeFiles/FreeRTOS.dir/__/__/Middlewares/Third_Party/FreeRTOS/Source/queue.c.obj
 .text.xQueueGenericSend
                0x00000000080084b8      0x1fc cmake/stm32cubemx/CMakeFiles/FreeRTOS.dir/__/__/Middlewares/Third_Party/FreeRTOS/Source/queue.c.obj
                0x00000000080084b8                xQueueGenericSend
 .text.xQueueGenericSendFromISR
                0x00000000080086b4      0x130 cmake/stm32cubemx/CMakeFiles/FreeRTOS.dir/__/__/Middlewares/Third_Party/FreeRTOS/Source/queue.c.obj
                0x00000000080086b4                xQueueGenericSendFromISR
 .text.xQueueReceive
                0x00000000080087e4      0x1c0 cmake/stm32cubemx/CMakeFiles/FreeRTOS.dir/__/__/Middlewares/Third_Party/FreeRTOS/Source/queue.c.obj
                0x00000000080087e4                xQueueReceive
 .text.prvCopyDataToQueue
                0x00000000080089a4       0xd4 cmake/stm32cubemx/CMakeFiles/FreeRTOS.dir/__/__/Middlewares/Third_Party/FreeRTOS/Source/queue.c.obj
 .text.prvCopyDataFromQueue
                0x0000000008008a78       0x4c cmake/stm32cubemx/CMakeFiles/FreeRTOS.dir/__/__/Middlewares/Third_Party/FreeRTOS/Source/queue.c.obj
 .text.prvUnlockQueue
                0x0000000008008ac4       0xa4 cmake/stm32cubemx/CMakeFiles/FreeRTOS.dir/__/__/Middlewares/Third_Party/FreeRTOS/Source/queue.c.obj
 .text.prvIsQueueEmpty
                0x0000000008008b68       0x2c cmake/stm32cubemx/CMakeFiles/FreeRTOS.dir/__/__/Middlewares/Third_Party/FreeRTOS/Source/queue.c.obj
 .text.prvIsQueueFull
                0x0000000008008b94       0x30 cmake/stm32cubemx/CMakeFiles/FreeRTOS.dir/__/__/Middlewares/Third_Party/FreeRTOS/Source/queue.c.obj
 .text.vQueueAddToRegistry
                0x0000000008008bc4       0x54 cmake/stm32cubemx/CMakeFiles/FreeRTOS.dir/__/__/Middlewares/Third_Party/FreeRTOS/Source/queue.c.obj
                0x0000000008008bc4                vQueueAddToRegistry
 .text.vQueueWaitForMessageRestricted
                0x0000000008008c18       0x68 cmake/stm32cubemx/CMakeFiles/FreeRTOS.dir/__/__/Middlewares/Third_Party/FreeRTOS/Source/queue.c.obj
                0x0000000008008c18                vQueueWaitForMessageRestricted
 .text.xTaskCreateStatic
                0x0000000008008c80       0xb8 cmake/stm32cubemx/CMakeFiles/FreeRTOS.dir/__/__/Middlewares/Third_Party/FreeRTOS/Source/tasks.c.obj
                0x0000000008008c80                xTaskCreateStatic
 .text.xTaskCreate
                0x0000000008008d38       0x8a cmake/stm32cubemx/CMakeFiles/FreeRTOS.dir/__/__/Middlewares/Third_Party/FreeRTOS/Source/tasks.c.obj
                0x0000000008008d38                xTaskCreate
 .text.prvInitialiseNewTask
                0x0000000008008dc2      0x10e cmake/stm32cubemx/CMakeFiles/FreeRTOS.dir/__/__/Middlewares/Third_Party/FreeRTOS/Source/tasks.c.obj
 .text.prvAddNewTaskToReadyList
                0x0000000008008ed0       0xe0 cmake/stm32cubemx/CMakeFiles/FreeRTOS.dir/__/__/Middlewares/Third_Party/FreeRTOS/Source/tasks.c.obj
 .text.vTaskDelay
                0x0000000008008fb0       0x68 cmake/stm32cubemx/CMakeFiles/FreeRTOS.dir/__/__/Middlewares/Third_Party/FreeRTOS/Source/tasks.c.obj
                0x0000000008008fb0                vTaskDelay
 .text.vTaskStartScheduler
                0x0000000008009018       0xcc cmake/stm32cubemx/CMakeFiles/FreeRTOS.dir/__/__/Middlewares/Third_Party/FreeRTOS/Source/tasks.c.obj
                0x0000000008009018                vTaskStartScheduler
 .text.vTaskSuspendAll
                0x00000000080090e4       0x1c cmake/stm32cubemx/CMakeFiles/FreeRTOS.dir/__/__/Middlewares/Third_Party/FreeRTOS/Source/tasks.c.obj
                0x00000000080090e4                vTaskSuspendAll
 .text.xTaskResumeAll
                0x0000000008009100      0x13c cmake/stm32cubemx/CMakeFiles/FreeRTOS.dir/__/__/Middlewares/Third_Party/FreeRTOS/Source/tasks.c.obj
                0x0000000008009100                xTaskResumeAll
 .text.xTaskGetTickCount
                0x000000000800923c       0x20 cmake/stm32cubemx/CMakeFiles/FreeRTOS.dir/__/__/Middlewares/Third_Party/FreeRTOS/Source/tasks.c.obj
                0x000000000800923c                xTaskGetTickCount
 .text.xTaskIncrementTick
                0x000000000800925c      0x17c cmake/stm32cubemx/CMakeFiles/FreeRTOS.dir/__/__/Middlewares/Third_Party/FreeRTOS/Source/tasks.c.obj
                0x000000000800925c                xTaskIncrementTick
 .text.vTaskSwitchContext
                0x00000000080093d8       0xbc cmake/stm32cubemx/CMakeFiles/FreeRTOS.dir/__/__/Middlewares/Third_Party/FreeRTOS/Source/tasks.c.obj
                0x00000000080093d8                vTaskSwitchContext
 .text.vTaskPlaceOnEventList
                0x0000000008009494       0x48 cmake/stm32cubemx/CMakeFiles/FreeRTOS.dir/__/__/Middlewares/Third_Party/FreeRTOS/Source/tasks.c.obj
                0x0000000008009494                vTaskPlaceOnEventList
 .text.vTaskPlaceOnEventListRestricted
                0x00000000080094dc       0x58 cmake/stm32cubemx/CMakeFiles/FreeRTOS.dir/__/__/Middlewares/Third_Party/FreeRTOS/Source/tasks.c.obj
                0x00000000080094dc                vTaskPlaceOnEventListRestricted
 .text.xTaskRemoveFromEventList
                0x0000000008009534       0xc8 cmake/stm32cubemx/CMakeFiles/FreeRTOS.dir/__/__/Middlewares/Third_Party/FreeRTOS/Source/tasks.c.obj
                0x0000000008009534                xTaskRemoveFromEventList
 .text.vTaskInternalSetTimeOutState
                0x00000000080095fc       0x2c cmake/stm32cubemx/CMakeFiles/FreeRTOS.dir/__/__/Middlewares/Third_Party/FreeRTOS/Source/tasks.c.obj
                0x00000000080095fc                vTaskInternalSetTimeOutState
 .text.xTaskCheckForTimeOut
                0x0000000008009628       0xc4 cmake/stm32cubemx/CMakeFiles/FreeRTOS.dir/__/__/Middlewares/Third_Party/FreeRTOS/Source/tasks.c.obj
                0x0000000008009628                xTaskCheckForTimeOut
 .text.vTaskMissedYield
                0x00000000080096ec       0x18 cmake/stm32cubemx/CMakeFiles/FreeRTOS.dir/__/__/Middlewares/Third_Party/FreeRTOS/Source/tasks.c.obj
                0x00000000080096ec                vTaskMissedYield
 .text.prvIdleTask
                0x0000000008009704       0x30 cmake/stm32cubemx/CMakeFiles/FreeRTOS.dir/__/__/Middlewares/Third_Party/FreeRTOS/Source/tasks.c.obj
 .text.prvInitialiseTaskLists
                0x0000000008009734       0x80 cmake/stm32cubemx/CMakeFiles/FreeRTOS.dir/__/__/Middlewares/Third_Party/FreeRTOS/Source/tasks.c.obj
 .text.prvCheckTasksWaitingTermination
                0x00000000080097b4       0x5c cmake/stm32cubemx/CMakeFiles/FreeRTOS.dir/__/__/Middlewares/Third_Party/FreeRTOS/Source/tasks.c.obj
 .text.prvDeleteTCB
                0x0000000008009810       0x5e cmake/stm32cubemx/CMakeFiles/FreeRTOS.dir/__/__/Middlewares/Third_Party/FreeRTOS/Source/tasks.c.obj
 *fill*         0x000000000800986e        0x2 
 .text.prvResetNextTaskUnblockTime
                0x0000000008009870       0x4c cmake/stm32cubemx/CMakeFiles/FreeRTOS.dir/__/__/Middlewares/Third_Party/FreeRTOS/Source/tasks.c.obj
 .text.xTaskGetSchedulerState
                0x00000000080098bc       0x3c cmake/stm32cubemx/CMakeFiles/FreeRTOS.dir/__/__/Middlewares/Third_Party/FreeRTOS/Source/tasks.c.obj
                0x00000000080098bc                xTaskGetSchedulerState
 .text.xTaskPriorityDisinherit
                0x00000000080098f8       0xdc cmake/stm32cubemx/CMakeFiles/FreeRTOS.dir/__/__/Middlewares/Third_Party/FreeRTOS/Source/tasks.c.obj
                0x00000000080098f8                xTaskPriorityDisinherit
 .text.prvAddCurrentTaskToDelayedList
                0x00000000080099d4       0xa8 cmake/stm32cubemx/CMakeFiles/FreeRTOS.dir/__/__/Middlewares/Third_Party/FreeRTOS/Source/tasks.c.obj
 .text.xTimerCreateTimerTask
                0x0000000008009a7c       0x90 cmake/stm32cubemx/CMakeFiles/FreeRTOS.dir/__/__/Middlewares/Third_Party/FreeRTOS/Source/timers.c.obj
                0x0000000008009a7c                xTimerCreateTimerTask
 .text.xTimerGenericCommand
                0x0000000008009b0c       0x9c cmake/stm32cubemx/CMakeFiles/FreeRTOS.dir/__/__/Middlewares/Third_Party/FreeRTOS/Source/timers.c.obj
                0x0000000008009b0c                xTimerGenericCommand
 .text.prvProcessExpiredTimer
                0x0000000008009ba8       0x80 cmake/stm32cubemx/CMakeFiles/FreeRTOS.dir/__/__/Middlewares/Third_Party/FreeRTOS/Source/timers.c.obj
 .text.prvTimerTask
                0x0000000008009c28       0x24 cmake/stm32cubemx/CMakeFiles/FreeRTOS.dir/__/__/Middlewares/Third_Party/FreeRTOS/Source/timers.c.obj
 .text.prvProcessTimerOrBlockTask
                0x0000000008009c4c       0x9c cmake/stm32cubemx/CMakeFiles/FreeRTOS.dir/__/__/Middlewares/Third_Party/FreeRTOS/Source/timers.c.obj
 .text.prvGetNextExpireTime
                0x0000000008009ce8       0x48 cmake/stm32cubemx/CMakeFiles/FreeRTOS.dir/__/__/Middlewares/Third_Party/FreeRTOS/Source/timers.c.obj
 .text.prvSampleTimeNow
                0x0000000008009d30       0x40 cmake/stm32cubemx/CMakeFiles/FreeRTOS.dir/__/__/Middlewares/Third_Party/FreeRTOS/Source/timers.c.obj
 .text.prvInsertTimerInActiveList
                0x0000000008009d70       0x84 cmake/stm32cubemx/CMakeFiles/FreeRTOS.dir/__/__/Middlewares/Third_Party/FreeRTOS/Source/timers.c.obj
 .text.prvProcessReceivedCommands
                0x0000000008009df4      0x168 cmake/stm32cubemx/CMakeFiles/FreeRTOS.dir/__/__/Middlewares/Third_Party/FreeRTOS/Source/timers.c.obj
 .text.prvSwitchTimerLists
                0x0000000008009f5c       0xc4 cmake/stm32cubemx/CMakeFiles/FreeRTOS.dir/__/__/Middlewares/Third_Party/FreeRTOS/Source/timers.c.obj
 .text.prvCheckForValidListAndQueue
                0x000000000800a020       0x80 cmake/stm32cubemx/CMakeFiles/FreeRTOS.dir/__/__/Middlewares/Third_Party/FreeRTOS/Source/timers.c.obj
 .text.osKernelInitialize
                0x000000000800a0a0       0x68 cmake/stm32cubemx/CMakeFiles/FreeRTOS.dir/__/__/Middlewares/Third_Party/FreeRTOS/Source/CMSIS_RTOS_V2/cmsis_os2.c.obj
                0x000000000800a0a0                osKernelInitialize
 .text.osKernelStart
                0x000000000800a108       0x68 cmake/stm32cubemx/CMakeFiles/FreeRTOS.dir/__/__/Middlewares/Third_Party/FreeRTOS/Source/CMSIS_RTOS_V2/cmsis_os2.c.obj
                0x000000000800a108                osKernelStart
 .text.osThreadNew
                0x000000000800a170      0x154 cmake/stm32cubemx/CMakeFiles/FreeRTOS.dir/__/__/Middlewares/Third_Party/FreeRTOS/Source/CMSIS_RTOS_V2/cmsis_os2.c.obj
                0x000000000800a170                osThreadNew
 .text.osDelay  0x000000000800a2c4       0x5c cmake/stm32cubemx/CMakeFiles/FreeRTOS.dir/__/__/Middlewares/Third_Party/FreeRTOS/Source/CMSIS_RTOS_V2/cmsis_os2.c.obj
                0x000000000800a2c4                osDelay
 .text.vApplicationGetIdleTaskMemory
                0x000000000800a320       0x34 cmake/stm32cubemx/CMakeFiles/FreeRTOS.dir/__/__/Middlewares/Third_Party/FreeRTOS/Source/CMSIS_RTOS_V2/cmsis_os2.c.obj
                0x000000000800a320                vApplicationGetIdleTaskMemory
 .text.vApplicationGetTimerTaskMemory
                0x000000000800a354       0x34 cmake/stm32cubemx/CMakeFiles/FreeRTOS.dir/__/__/Middlewares/Third_Party/FreeRTOS/Source/CMSIS_RTOS_V2/cmsis_os2.c.obj
                0x000000000800a354                vApplicationGetTimerTaskMemory
 .text.pvPortMalloc
                0x000000000800a388      0x188 cmake/stm32cubemx/CMakeFiles/FreeRTOS.dir/__/__/Middlewares/Third_Party/FreeRTOS/Source/portable/MemMang/heap_4.c.obj
                0x000000000800a388                pvPortMalloc
 .text.vPortFree
                0x000000000800a510       0xb4 cmake/stm32cubemx/CMakeFiles/FreeRTOS.dir/__/__/Middlewares/Third_Party/FreeRTOS/Source/portable/MemMang/heap_4.c.obj
                0x000000000800a510                vPortFree
 .text.prvHeapInit
                0x000000000800a5c4       0xc4 cmake/stm32cubemx/CMakeFiles/FreeRTOS.dir/__/__/Middlewares/Third_Party/FreeRTOS/Source/portable/MemMang/heap_4.c.obj
 .text.prvInsertBlockIntoFreeList
                0x000000000800a688       0xb4 cmake/stm32cubemx/CMakeFiles/FreeRTOS.dir/__/__/Middlewares/Third_Party/FreeRTOS/Source/portable/MemMang/heap_4.c.obj
 .text.pxPortInitialiseStack
                0x000000000800a73c       0x68 cmake/stm32cubemx/CMakeFiles/FreeRTOS.dir/__/__/Middlewares/Third_Party/FreeRTOS/Source/portable/GCC/ARM_CM4F/port.c.obj
                0x000000000800a73c                pxPortInitialiseStack
 .text.prvTaskExitError
                0x000000000800a7a4       0x58 cmake/stm32cubemx/CMakeFiles/FreeRTOS.dir/__/__/Middlewares/Third_Party/FreeRTOS/Source/portable/GCC/ARM_CM4F/port.c.obj
 *fill*         0x000000000800a7fc        0x4 
 .text.SVC_Handler
                0x000000000800a800       0x28 cmake/stm32cubemx/CMakeFiles/FreeRTOS.dir/__/__/Middlewares/Third_Party/FreeRTOS/Source/portable/GCC/ARM_CM4F/port.c.obj
                0x000000000800a800                SVC_Handler
 .text.prvPortStartFirstTask
                0x000000000800a828       0x28 cmake/stm32cubemx/CMakeFiles/FreeRTOS.dir/__/__/Middlewares/Third_Party/FreeRTOS/Source/portable/GCC/ARM_CM4F/port.c.obj
 .text.xPortStartScheduler
                0x000000000800a850      0x144 cmake/stm32cubemx/CMakeFiles/FreeRTOS.dir/__/__/Middlewares/Third_Party/FreeRTOS/Source/portable/GCC/ARM_CM4F/port.c.obj
                0x000000000800a850                xPortStartScheduler
 .text.vPortEnterCritical
                0x000000000800a994       0x60 cmake/stm32cubemx/CMakeFiles/FreeRTOS.dir/__/__/Middlewares/Third_Party/FreeRTOS/Source/portable/GCC/ARM_CM4F/port.c.obj
                0x000000000800a994                vPortEnterCritical
 .text.vPortExitCritical
                0x000000000800a9f4       0x54 cmake/stm32cubemx/CMakeFiles/FreeRTOS.dir/__/__/Middlewares/Third_Party/FreeRTOS/Source/portable/GCC/ARM_CM4F/port.c.obj
                0x000000000800a9f4                vPortExitCritical
 *fill*         0x000000000800aa48        0x8 
 .text.PendSV_Handler
                0x000000000800aa50       0x68 cmake/stm32cubemx/CMakeFiles/FreeRTOS.dir/__/__/Middlewares/Third_Party/FreeRTOS/Source/portable/GCC/ARM_CM4F/port.c.obj
                0x000000000800aa50                PendSV_Handler
 .text.SysTick_Handler
                0x000000000800aab8       0x44 cmake/stm32cubemx/CMakeFiles/FreeRTOS.dir/__/__/Middlewares/Third_Party/FreeRTOS/Source/portable/GCC/ARM_CM4F/port.c.obj
                0x000000000800aab8                SysTick_Handler
 .text.vPortSetupTimerInterrupt
                0x000000000800aafc       0x48 cmake/stm32cubemx/CMakeFiles/FreeRTOS.dir/__/__/Middlewares/Third_Party/FreeRTOS/Source/portable/GCC/ARM_CM4F/port.c.obj
                0x000000000800aafc                vPortSetupTimerInterrupt
 .text.vPortEnableVFP
                0x000000000800ab44       0x14 cmake/stm32cubemx/CMakeFiles/FreeRTOS.dir/__/__/Middlewares/Third_Party/FreeRTOS/Source/portable/GCC/ARM_CM4F/port.c.obj
 .text.vPortValidateInterruptPriority
                0x000000000800ab58       0x80 cmake/stm32cubemx/CMakeFiles/FreeRTOS.dir/__/__/Middlewares/Third_Party/FreeRTOS/Source/portable/GCC/ARM_CM4F/port.c.obj
                0x000000000800ab58                vPortValidateInterruptPriority
 *(.glue_7)
 .glue_7        0x000000000800abd8        0x0 linker stubs
 *(.glue_7t)
 .glue_7t       0x000000000800abd8        0x0 linker stubs
 *(.eh_frame)
 .eh_frame      0x000000000800abd8        0x0 /usr/lib/gcc/arm-none-eabi/10.3.1/thumb/v7e-m+fp/hard/crtbegin.o
 *(.init)
 .init          0x000000000800abd8        0x4 /usr/lib/gcc/arm-none-eabi/10.3.1/thumb/v7e-m+fp/hard/crti.o
                0x000000000800abd8                _init
 .init          0x000000000800abdc        0x8 /usr/lib/gcc/arm-none-eabi/10.3.1/thumb/v7e-m+fp/hard/crtn.o
 *(.fini)
 .fini          0x000000000800abe4        0x4 /usr/lib/gcc/arm-none-eabi/10.3.1/thumb/v7e-m+fp/hard/crti.o
                0x000000000800abe4                _fini
 .fini          0x000000000800abe8        0x8 /usr/lib/gcc/arm-none-eabi/10.3.1/thumb/v7e-m+fp/hard/crtn.o
                0x000000000800abf0                . = ALIGN (0x4)
                0x000000000800abf0                _etext = .

.vfp11_veneer   0x000000000800abf0        0x0
 .vfp11_veneer  0x000000000800abf0        0x0 linker stubs

.v4_bx          0x000000000800abf0        0x0
 .v4_bx         0x000000000800abf0        0x0 linker stubs

.iplt           0x000000000800abf0        0x0
 .iplt          0x000000000800abf0        0x0 /usr/lib/gcc/arm-none-eabi/10.3.1/thumb/v7e-m+fp/hard/crtbegin.o

.rodata         0x000000000800abf0      0x154
                0x000000000800abf0                . = ALIGN (0x4)
 *(.rodata)
 .rodata        0x000000000800abf0       0x55 CMakeFiles/F303-rtos.dir/Core/Src/main.c.obj
 *fill*         0x000000000800ac45        0x3 
 .rodata        0x000000000800ac48        0x5 cmake/stm32cubemx/CMakeFiles/FreeRTOS.dir/__/__/Middlewares/Third_Party/FreeRTOS/Source/tasks.c.obj
 *fill*         0x000000000800ac4d        0x3 
 .rodata        0x000000000800ac50        0xd cmake/stm32cubemx/CMakeFiles/FreeRTOS.dir/__/__/Middlewares/Third_Party/FreeRTOS/Source/timers.c.obj
 *fill*         0x000000000800ac5d        0x3 
 .rodata        0x000000000800ac60        0x4 /usr/lib/gcc/arm-none-eabi/10.3.1/../../../arm-none-eabi/lib/thumb/v7e-m+fp/hard/libg_nano.a(lib_a-impure.o)
                0x000000000800ac60                _global_impure_ptr
 .rodata        0x000000000800ac64       0x60 /usr/lib/gcc/arm-none-eabi/10.3.1/../../../arm-none-eabi/lib/thumb/v7e-m+fp/hard/libg_nano.a(lib_a-findfp.o)
                0x000000000800ac64                __sf_fake_stderr
                0x000000000800ac84                __sf_fake_stdout
                0x000000000800aca4                __sf_fake_stdin
 *(.rodata*)
 .rodata.defaultTask_attributes
                0x000000000800acc4       0x24 CMakeFiles/F303-rtos.dir/Core/Src/main.c.obj
                0x000000000800acc4                defaultTask_attributes
 .rodata.I2C_telemetry_attributes
                0x000000000800ace8       0x24 CMakeFiles/F303-rtos.dir/Core/Src/main.c.obj
                0x000000000800ace8                I2C_telemetry_attributes
 .rodata.AHBPrescTable
                0x000000000800ad0c       0x10 cmake/stm32cubemx/CMakeFiles/STM32_Drivers.dir/__/__/Core/Src/system_stm32f3xx.c.obj
                0x000000000800ad0c                AHBPrescTable
 .rodata.APBPrescTable
                0x000000000800ad1c        0x8 cmake/stm32cubemx/CMakeFiles/STM32_Drivers.dir/__/__/Core/Src/system_stm32f3xx.c.obj
                0x000000000800ad1c                APBPrescTable
 .rodata.aPLLMULFactorTable
                0x000000000800ad24       0x10 cmake/stm32cubemx/CMakeFiles/STM32_Drivers.dir/__/__/Drivers/STM32F3xx_HAL_Driver/Src/stm32f3xx_hal_rcc.c.obj
 .rodata.aPredivFactorTable
                0x000000000800ad34       0x10 cmake/stm32cubemx/CMakeFiles/STM32_Drivers.dir/__/__/Drivers/STM32F3xx_HAL_Driver/Src/stm32f3xx_hal_rcc.c.obj
                0x000000000800ad44                . = ALIGN (0x4)

.ARM.extab      0x000000000800ad44        0x0
                0x000000000800ad44                . = ALIGN (0x4)
 *(.ARM.extab* .gnu.linkonce.armextab.*)
                0x000000000800ad44                . = ALIGN (0x4)

.ARM            0x000000000800ad44        0x0
                0x000000000800ad44                . = ALIGN (0x4)
                0x000000000800ad44                __exidx_start = .
 *(.ARM.exidx*)
                0x000000000800ad44                __exidx_end = .
                0x000000000800ad44                . = ALIGN (0x4)

.preinit_array  0x000000000800ad44        0x0
                0x000000000800ad44                . = ALIGN (0x4)
                0x000000000800ad44                PROVIDE (__preinit_array_start = .)
 *(.preinit_array*)
                0x000000000800ad44                PROVIDE (__preinit_array_end = .)
                0x000000000800ad44                . = ALIGN (0x4)

.init_array     0x000000000800ad44        0x4
                0x000000000800ad44                . = ALIGN (0x4)
                0x000000000800ad44                PROVIDE (__init_array_start = .)
 *(SORT_BY_NAME(.init_array.*))
 *(.init_array*)
 .init_array    0x000000000800ad44        0x4 /usr/lib/gcc/arm-none-eabi/10.3.1/thumb/v7e-m+fp/hard/crtbegin.o
                0x000000000800ad48                PROVIDE (__init_array_end = .)
                0x000000000800ad48                . = ALIGN (0x4)

.fini_array     0x000000000800ad48        0x4
                0x000000000800ad48                . = ALIGN (0x4)
                0x000000000800ad48                PROVIDE (__fini_array_start = .)
 *(SORT_BY_NAME(.fini_array.*))
 *(.fini_array*)
 .fini_array    0x000000000800ad48        0x4 /usr/lib/gcc/arm-none-eabi/10.3.1/thumb/v7e-m+fp/hard/crtbegin.o
                0x000000000800ad4c                PROVIDE (__fini_array_end = .)
                0x000000000800ad4c                . = ALIGN (0x4)
                0x000000000800ad4c                _siccmram = LOADADDR (.ccmram)

.rel.dyn        0x000000000800ad4c        0x0
 .rel.iplt      0x000000000800ad4c        0x0 /usr/lib/gcc/arm-none-eabi/10.3.1/thumb/v7e-m+fp/hard/crtbegin.o

.ccmram         0x0000000010000000        0x0 load address 0x000000000800ad4c
                0x0000000010000000                . = ALIGN (0x4)
                0x0000000010000000                _sccmram = .
 *(.ccmram)
 *(.ccmram*)
                0x0000000010000000                . = ALIGN (0x4)
                0x0000000010000000                _eccmram = .
                0x000000000800ad4c                _sidata = LOADADDR (.data)

.data           0x0000000020000000       0x74 load address 0x000000000800ad4c
                0x0000000020000000                . = ALIGN (0x4)
                0x0000000020000000                _sdata = .
 *(.data)
 .data          0x0000000020000000       0x64 /usr/lib/gcc/arm-none-eabi/10.3.1/../../../arm-none-eabi/lib/thumb/v7e-m+fp/hard/libg_nano.a(lib_a-impure.o)
                0x0000000020000000                _impure_ptr
 *(.data*)
 .data.SystemCoreClock
                0x0000000020000064        0x4 cmake/stm32cubemx/CMakeFiles/STM32_Drivers.dir/__/__/Core/Src/system_stm32f3xx.c.obj
                0x0000000020000064                SystemCoreClock
 .data.uwTickPrio
                0x0000000020000068        0x4 cmake/stm32cubemx/CMakeFiles/STM32_Drivers.dir/__/__/Drivers/STM32F3xx_HAL_Driver/Src/stm32f3xx_hal.c.obj
                0x0000000020000068                uwTickPrio
 .data.uwTickFreq
                0x000000002000006c        0x1 cmake/stm32cubemx/CMakeFiles/STM32_Drivers.dir/__/__/Drivers/STM32F3xx_HAL_Driver/Src/stm32f3xx_hal.c.obj
                0x000000002000006c                uwTickFreq
 *fill*         0x000000002000006d        0x3 
 .data.uxCriticalNesting
                0x0000000020000070        0x4 cmake/stm32cubemx/CMakeFiles/FreeRTOS.dir/__/__/Middlewares/Third_Party/FreeRTOS/Source/portable/GCC/ARM_CM4F/port.c.obj
 *(.RamFunc)
 *(.RamFunc*)
                0x0000000020000074                . = ALIGN (0x4)

.tm_clone_table
                0x0000000020000074        0x0 load address 0x000000000800adc0
 .tm_clone_table
                0x0000000020000074        0x0 /usr/lib/gcc/arm-none-eabi/10.3.1/thumb/v7e-m+fp/hard/crtbegin.o
 .tm_clone_table
                0x0000000020000074        0x0 /usr/lib/gcc/arm-none-eabi/10.3.1/thumb/v7e-m+fp/hard/crtend.o

.igot.plt       0x0000000020000074        0x0 load address 0x000000000800adc0
 .igot.plt      0x0000000020000074        0x0 /usr/lib/gcc/arm-none-eabi/10.3.1/thumb/v7e-m+fp/hard/crtbegin.o

.tdata          0x0000000020000074        0x0 load address 0x000000000800adc0
 *(.tdata .tdata.* .gnu.linkonce.td.*)
                0x0000000020000074                . = ALIGN (0x4)
                0x0000000020000074                _edata = .
                [!provide]                        PROVIDE (__data_end = .)
                [!provide]                        PROVIDE (__tdata_end = .)
                [!provide]                        PROVIDE (__tdata_start = ADDR (.tdata))
                [!provide]                        PROVIDE (__tdata_size = (__tdata_end - __tdata_start))
                [!provide]                        PROVIDE (__data_start = ADDR (.data))
                [!provide]                        PROVIDE (__data_size = (__data_end - __data_start))
                [!provide]                        PROVIDE (__tdata_source = LOADADDR (.tdata))
                [!provide]                        PROVIDE (__tdata_source_end = (LOADADDR (.tdata) + SIZEOF (.tdata)))
                [!provide]                        PROVIDE (__tdata_source_size = (__tdata_source_end - __tdata_source))
                [!provide]                        PROVIDE (__data_source = LOADADDR (.data))
                [!provide]                        PROVIDE (__data_source_end = __tdata_source_end)
                [!provide]                        PROVIDE (__data_source_size = (__data_source_end - __data_source))

.tbss           0x0000000020000074        0x0 load address 0x000000000800adc0
                0x0000000020000074                _sbss = .
                0x0000000020000074                __bss_start__ = _sbss
 *(.tbss .tbss.*)
                0x0000000020000074                . = ALIGN (0x4)
                [!provide]                        PROVIDE (__tbss_end = .)
                [!provide]                        PROVIDE (__tbss_start = ADDR (.tbss))
                [!provide]                        PROVIDE (__tbss_size = (__tbss_end - __tbss_start))
                [!provide]                        PROVIDE (__tbss_offset = (ADDR (.tbss) - ADDR (.tdata)))
                [!provide]                        PROVIDE (__tls_base = __tdata_start)
                [!provide]                        PROVIDE (__tls_end = __tbss_end)
                [!provide]                        PROVIDE (__tls_size = (__tls_end - __tls_base))
                [!provide]                        PROVIDE (__tls_align = MAX (ALIGNOF (.tdata), ALIGNOF (.tbss)))
                [!provide]                        PROVIDE (__tls_size_align = (((__tls_size + __tls_align) - 0x1) & ~ ((__tls_align - 0x1))))
                [!provide]                        PROVIDE (__arm32_tls_tcb_offset = MAX (0x8, __tls_align))
                [!provide]                        PROVIDE (__arm64_tls_tcb_offset = MAX (0x10, __tls_align))

.bss            0x0000000020000074     0x2478 load address 0x000000000800adc0
 *(.bss)
 .bss           0x0000000020000074       0x1c /usr/lib/gcc/arm-none-eabi/10.3.1/thumb/v7e-m+fp/hard/crtbegin.o
 .bss           0x0000000020000090        0x8 /usr/lib/gcc/arm-none-eabi/10.3.1/../../../arm-none-eabi/lib/thumb/v7e-m+fp/hard/libg_nano.a(lib_a-nano-mallocr.o)
                0x0000000020000090                __malloc_free_list
                0x0000000020000094                __malloc_sbrk_start
 .bss           0x0000000020000098        0x4 /usr/lib/gcc/arm-none-eabi/10.3.1/../../../arm-none-eabi/lib/thumb/v7e-m+fp/hard/libg_nano.a(lib_a-reent.o)
                0x0000000020000098                errno
 *(.bss*)
 .bss.hi2c1     0x000000002000009c       0x54 CMakeFiles/F303-rtos.dir/Core/Src/main.c.obj
                0x000000002000009c                hi2c1
 .bss.htim1     0x00000000200000f0       0x4c CMakeFiles/F303-rtos.dir/Core/Src/main.c.obj
                0x00000000200000f0                htim1
 .bss.htim2     0x000000002000013c       0x4c CMakeFiles/F303-rtos.dir/Core/Src/main.c.obj
                0x000000002000013c                htim2
 .bss.htim3     0x0000000020000188       0x4c CMakeFiles/F303-rtos.dir/Core/Src/main.c.obj
                0x0000000020000188                htim3
 .bss.htim4     0x00000000200001d4       0x4c CMakeFiles/F303-rtos.dir/Core/Src/main.c.obj
                0x00000000200001d4                htim4
 .bss.huart2    0x0000000020000220       0x88 CMakeFiles/F303-rtos.dir/Core/Src/main.c.obj
                0x0000000020000220                huart2
 .bss.hdma_usart2_rx
                0x00000000200002a8       0x44 CMakeFiles/F303-rtos.dir/Core/Src/main.c.obj
                0x00000000200002a8                hdma_usart2_rx
 .bss.hdma_usart2_tx
                0x00000000200002ec       0x44 CMakeFiles/F303-rtos.dir/Core/Src/main.c.obj
                0x00000000200002ec                hdma_usart2_tx
 .bss.defaultTaskHandle
                0x0000000020000330        0x4 CMakeFiles/F303-rtos.dir/Core/Src/main.c.obj
                0x0000000020000330                defaultTaskHandle
 .bss.I2C_telemetryHandle
                0x0000000020000334        0x4 CMakeFiles/F303-rtos.dir/Core/Src/main.c.obj
                0x0000000020000334                I2C_telemetryHandle
 .bss.dma_init_flag
                0x0000000020000338        0x4 CMakeFiles/F303-rtos.dir/Core/Src/main.c.obj
                0x0000000020000338                dma_init_flag
 .bss.motors_armed_flag
                0x000000002000033c        0x4 CMakeFiles/F303-rtos.dir/Core/Src/main.c.obj
                0x000000002000033c                motors_armed_flag
 .bss.rx_buf    0x0000000020000340       0x40 CMakeFiles/F303-rtos.dir/Core/Src/main.c.obj
                0x0000000020000340                rx_buf
 .bss.fr        0x0000000020000380       0x50 CMakeFiles/F303-rtos.dir/Core/Src/main.c.obj
                0x0000000020000380                fr
 .bss.frt       0x00000000200003d0       0x50 CMakeFiles/F303-rtos.dir/Core/Src/main.c.obj
                0x00000000200003d0                frt
 .bss.br        0x0000000020000420       0x50 CMakeFiles/F303-rtos.dir/Core/Src/main.c.obj
                0x0000000020000420                br
 .bss.brt       0x0000000020000470       0x50 CMakeFiles/F303-rtos.dir/Core/Src/main.c.obj
                0x0000000020000470                brt
 .bss.bl        0x00000000200004c0       0x50 CMakeFiles/F303-rtos.dir/Core/Src/main.c.obj
                0x00000000200004c0                bl
 .bss.blt       0x0000000020000510       0x50 CMakeFiles/F303-rtos.dir/Core/Src/main.c.obj
                0x0000000020000510                blt
 .bss.fl        0x0000000020000560       0x50 CMakeFiles/F303-rtos.dir/Core/Src/main.c.obj
                0x0000000020000560                fl
 .bss.flt       0x00000000200005b0       0x50 CMakeFiles/F303-rtos.dir/Core/Src/main.c.obj
                0x00000000200005b0                flt
 .bss.escs      0x0000000020000600      0x280 CMakeFiles/F303-rtos.dir/Core/Src/main.c.obj
                0x0000000020000600                escs
 .bss.prox      0x0000000020000880       0x50 CMakeFiles/F303-rtos.dir/Core/Src/main.c.obj
                0x0000000020000880                prox
 .bss.dist      0x00000000200008d0       0x50 CMakeFiles/F303-rtos.dir/Core/Src/main.c.obj
                0x00000000200008d0                dist
 .bss.wrist     0x0000000020000920       0x50 CMakeFiles/F303-rtos.dir/Core/Src/main.c.obj
                0x0000000020000920                wrist
 .bss.zed       0x0000000020000970       0x50 CMakeFiles/F303-rtos.dir/Core/Src/main.c.obj
                0x0000000020000970                zed
 .bss.servos    0x00000000200009c0      0x190 CMakeFiles/F303-rtos.dir/Core/Src/main.c.obj
                0x00000000200009c0                servos
 .bss.htim6     0x0000000020000b50       0x4c CMakeFiles/F303-rtos.dir/Core/Src/stm32f3xx_hal_timebase_tim.c.obj
                0x0000000020000b50                htim6
 .bss.__sbrk_heap_end
                0x0000000020000b9c        0x4 CMakeFiles/F303-rtos.dir/Core/Src/sysmem.c.obj
 .bss.uwTick    0x0000000020000ba0        0x4 cmake/stm32cubemx/CMakeFiles/STM32_Drivers.dir/__/__/Drivers/STM32F3xx_HAL_Driver/Src/stm32f3xx_hal.c.obj
                0x0000000020000ba0                uwTick
 .bss.xQueueRegistry
                0x0000000020000ba4       0x40 cmake/stm32cubemx/CMakeFiles/FreeRTOS.dir/__/__/Middlewares/Third_Party/FreeRTOS/Source/queue.c.obj
                0x0000000020000ba4                xQueueRegistry
 .bss.pxCurrentTCB
                0x0000000020000be4        0x4 cmake/stm32cubemx/CMakeFiles/FreeRTOS.dir/__/__/Middlewares/Third_Party/FreeRTOS/Source/tasks.c.obj
                0x0000000020000be4                pxCurrentTCB
 .bss.pxReadyTasksLists
                0x0000000020000be8      0x460 cmake/stm32cubemx/CMakeFiles/FreeRTOS.dir/__/__/Middlewares/Third_Party/FreeRTOS/Source/tasks.c.obj
 .bss.xDelayedTaskList1
                0x0000000020001048       0x14 cmake/stm32cubemx/CMakeFiles/FreeRTOS.dir/__/__/Middlewares/Third_Party/FreeRTOS/Source/tasks.c.obj
 .bss.xDelayedTaskList2
                0x000000002000105c       0x14 cmake/stm32cubemx/CMakeFiles/FreeRTOS.dir/__/__/Middlewares/Third_Party/FreeRTOS/Source/tasks.c.obj
 .bss.pxDelayedTaskList
                0x0000000020001070        0x4 cmake/stm32cubemx/CMakeFiles/FreeRTOS.dir/__/__/Middlewares/Third_Party/FreeRTOS/Source/tasks.c.obj
 .bss.pxOverflowDelayedTaskList
                0x0000000020001074        0x4 cmake/stm32cubemx/CMakeFiles/FreeRTOS.dir/__/__/Middlewares/Third_Party/FreeRTOS/Source/tasks.c.obj
 .bss.xPendingReadyList
                0x0000000020001078       0x14 cmake/stm32cubemx/CMakeFiles/FreeRTOS.dir/__/__/Middlewares/Third_Party/FreeRTOS/Source/tasks.c.obj
 .bss.xTasksWaitingTermination
                0x000000002000108c       0x14 cmake/stm32cubemx/CMakeFiles/FreeRTOS.dir/__/__/Middlewares/Third_Party/FreeRTOS/Source/tasks.c.obj
 .bss.uxDeletedTasksWaitingCleanUp
                0x00000000200010a0        0x4 cmake/stm32cubemx/CMakeFiles/FreeRTOS.dir/__/__/Middlewares/Third_Party/FreeRTOS/Source/tasks.c.obj
 .bss.xSuspendedTaskList
                0x00000000200010a4       0x14 cmake/stm32cubemx/CMakeFiles/FreeRTOS.dir/__/__/Middlewares/Third_Party/FreeRTOS/Source/tasks.c.obj
 .bss.uxCurrentNumberOfTasks
                0x00000000200010b8        0x4 cmake/stm32cubemx/CMakeFiles/FreeRTOS.dir/__/__/Middlewares/Third_Party/FreeRTOS/Source/tasks.c.obj
 .bss.xTickCount
                0x00000000200010bc        0x4 cmake/stm32cubemx/CMakeFiles/FreeRTOS.dir/__/__/Middlewares/Third_Party/FreeRTOS/Source/tasks.c.obj
 .bss.uxTopReadyPriority
                0x00000000200010c0        0x4 cmake/stm32cubemx/CMakeFiles/FreeRTOS.dir/__/__/Middlewares/Third_Party/FreeRTOS/Source/tasks.c.obj
 .bss.xSchedulerRunning
                0x00000000200010c4        0x4 cmake/stm32cubemx/CMakeFiles/FreeRTOS.dir/__/__/Middlewares/Third_Party/FreeRTOS/Source/tasks.c.obj
 .bss.uxPendedTicks
                0x00000000200010c8        0x4 cmake/stm32cubemx/CMakeFiles/FreeRTOS.dir/__/__/Middlewares/Third_Party/FreeRTOS/Source/tasks.c.obj
 .bss.xYieldPending
                0x00000000200010cc        0x4 cmake/stm32cubemx/CMakeFiles/FreeRTOS.dir/__/__/Middlewares/Third_Party/FreeRTOS/Source/tasks.c.obj
 .bss.xNumOfOverflows
                0x00000000200010d0        0x4 cmake/stm32cubemx/CMakeFiles/FreeRTOS.dir/__/__/Middlewares/Third_Party/FreeRTOS/Source/tasks.c.obj
 .bss.uxTaskNumber
                0x00000000200010d4        0x4 cmake/stm32cubemx/CMakeFiles/FreeRTOS.dir/__/__/Middlewares/Third_Party/FreeRTOS/Source/tasks.c.obj
 .bss.xNextTaskUnblockTime
                0x00000000200010d8        0x4 cmake/stm32cubemx/CMakeFiles/FreeRTOS.dir/__/__/Middlewares/Third_Party/FreeRTOS/Source/tasks.c.obj
 .bss.xIdleTaskHandle
                0x00000000200010dc        0x4 cmake/stm32cubemx/CMakeFiles/FreeRTOS.dir/__/__/Middlewares/Third_Party/FreeRTOS/Source/tasks.c.obj
 .bss.uxSchedulerSuspended
                0x00000000200010e0        0x4 cmake/stm32cubemx/CMakeFiles/FreeRTOS.dir/__/__/Middlewares/Third_Party/FreeRTOS/Source/tasks.c.obj
 .bss.xActiveTimerList1
                0x00000000200010e4       0x14 cmake/stm32cubemx/CMakeFiles/FreeRTOS.dir/__/__/Middlewares/Third_Party/FreeRTOS/Source/timers.c.obj
 .bss.xActiveTimerList2
                0x00000000200010f8       0x14 cmake/stm32cubemx/CMakeFiles/FreeRTOS.dir/__/__/Middlewares/Third_Party/FreeRTOS/Source/timers.c.obj
 .bss.pxCurrentTimerList
                0x000000002000110c        0x4 cmake/stm32cubemx/CMakeFiles/FreeRTOS.dir/__/__/Middlewares/Third_Party/FreeRTOS/Source/timers.c.obj
 .bss.pxOverflowTimerList
                0x0000000020001110        0x4 cmake/stm32cubemx/CMakeFiles/FreeRTOS.dir/__/__/Middlewares/Third_Party/FreeRTOS/Source/timers.c.obj
 .bss.xTimerQueue
                0x0000000020001114        0x4 cmake/stm32cubemx/CMakeFiles/FreeRTOS.dir/__/__/Middlewares/Third_Party/FreeRTOS/Source/timers.c.obj
 .bss.xTimerTaskHandle
                0x0000000020001118        0x4 cmake/stm32cubemx/CMakeFiles/FreeRTOS.dir/__/__/Middlewares/Third_Party/FreeRTOS/Source/timers.c.obj
 .bss.xLastTime.2
                0x000000002000111c        0x4 cmake/stm32cubemx/CMakeFiles/FreeRTOS.dir/__/__/Middlewares/Third_Party/FreeRTOS/Source/timers.c.obj
 .bss.ucStaticTimerQueueStorage.1
                0x0000000020001120       0xa0 cmake/stm32cubemx/CMakeFiles/FreeRTOS.dir/__/__/Middlewares/Third_Party/FreeRTOS/Source/timers.c.obj
 .bss.xStaticTimerQueue.0
                0x00000000200011c0       0x50 cmake/stm32cubemx/CMakeFiles/FreeRTOS.dir/__/__/Middlewares/Third_Party/FreeRTOS/Source/timers.c.obj
 .bss.KernelState
                0x0000000020001210        0x4 cmake/stm32cubemx/CMakeFiles/FreeRTOS.dir/__/__/Middlewares/Third_Party/FreeRTOS/Source/CMSIS_RTOS_V2/cmsis_os2.c.obj
 .bss.Idle_TCB  0x0000000020001214       0x5c cmake/stm32cubemx/CMakeFiles/FreeRTOS.dir/__/__/Middlewares/Third_Party/FreeRTOS/Source/CMSIS_RTOS_V2/cmsis_os2.c.obj
 .bss.Idle_Stack
                0x0000000020001270      0x200 cmake/stm32cubemx/CMakeFiles/FreeRTOS.dir/__/__/Middlewares/Third_Party/FreeRTOS/Source/CMSIS_RTOS_V2/cmsis_os2.c.obj
 .bss.Timer_TCB
                0x0000000020001470       0x5c cmake/stm32cubemx/CMakeFiles/FreeRTOS.dir/__/__/Middlewares/Third_Party/FreeRTOS/Source/CMSIS_RTOS_V2/cmsis_os2.c.obj
 .bss.Timer_Stack
                0x00000000200014cc      0x400 cmake/stm32cubemx/CMakeFiles/FreeRTOS.dir/__/__/Middlewares/Third_Party/FreeRTOS/Source/CMSIS_RTOS_V2/cmsis_os2.c.obj
 .bss.ucHeap    0x00000000200018cc      0xc00 cmake/stm32cubemx/CMakeFiles/FreeRTOS.dir/__/__/Middlewares/Third_Party/FreeRTOS/Source/portable/MemMang/heap_4.c.obj
 .bss.xStart    0x00000000200024cc        0x8 cmake/stm32cubemx/CMakeFiles/FreeRTOS.dir/__/__/Middlewares/Third_Party/FreeRTOS/Source/portable/MemMang/heap_4.c.obj
 .bss.pxEnd     0x00000000200024d4        0x4 cmake/stm32cubemx/CMakeFiles/FreeRTOS.dir/__/__/Middlewares/Third_Party/FreeRTOS/Source/portable/MemMang/heap_4.c.obj
 .bss.xFreeBytesRemaining
                0x00000000200024d8        0x4 cmake/stm32cubemx/CMakeFiles/FreeRTOS.dir/__/__/Middlewares/Third_Party/FreeRTOS/Source/portable/MemMang/heap_4.c.obj
 .bss.xMinimumEverFreeBytesRemaining
                0x00000000200024dc        0x4 cmake/stm32cubemx/CMakeFiles/FreeRTOS.dir/__/__/Middlewares/Third_Party/FreeRTOS/Source/portable/MemMang/heap_4.c.obj
 .bss.xBlockAllocatedBit
                0x00000000200024e0        0x4 cmake/stm32cubemx/CMakeFiles/FreeRTOS.dir/__/__/Middlewares/Third_Party/FreeRTOS/Source/portable/MemMang/heap_4.c.obj
 .bss.ucMaxSysCallPriority
                0x00000000200024e4        0x1 cmake/stm32cubemx/CMakeFiles/FreeRTOS.dir/__/__/Middlewares/Third_Party/FreeRTOS/Source/portable/GCC/ARM_CM4F/port.c.obj
 *fill*         0x00000000200024e5        0x3 
 .bss.ulMaxPRIGROUPValue
                0x00000000200024e8        0x4 cmake/stm32cubemx/CMakeFiles/FreeRTOS.dir/__/__/Middlewares/Third_Party/FreeRTOS/Source/portable/GCC/ARM_CM4F/port.c.obj
 *(COMMON)
                0x00000000200024ec                . = ALIGN (0x4)
                0x00000000200024ec                _ebss = .
                0x00000000200024ec                __bss_end__ = _ebss
                [!provide]                        PROVIDE (__bss_end = .)
                [!provide]                        PROVIDE (__non_tls_bss_start = ADDR (.bss))
                [!provide]                        PROVIDE (__bss_start = __tbss_start)
                [!provide]                        PROVIDE (__bss_size = (__bss_end - __bss_start))

._user_heap_stack
                0x00000000200024ec      0x604 load address 0x000000000800adc0
                0x00000000200024f0                . = ALIGN (0x8)
 *fill*         0x00000000200024ec        0x4 
                [!provide]                        PROVIDE (end = .)
                0x00000000200024f0                PROVIDE (_end = .)
                0x00000000200026f0                . = (. + _Min_Heap_Size)
 *fill*         0x00000000200024f0      0x200 
                0x0000000020002af0                . = (. + _Min_Stack_Size)
 *fill*         0x00000000200026f0      0x400 
                0x0000000020002af0                . = ALIGN (0x8)

/DISCARD/
 libc.a:*(*)
 libm.a:*(*)
 libgcc.a:*(*)
OUTPUT(F303-rtos.elf elf32-littlearm)
LOAD linker stubs

.ARM.attributes
                0x0000000000000000       0x30
 .ARM.attributes
                0x0000000000000000       0x1e /usr/lib/gcc/arm-none-eabi/10.3.1/thumb/v7e-m+fp/hard/crti.o
 .ARM.attributes
                0x000000000000001e       0x34 /usr/lib/gcc/arm-none-eabi/10.3.1/thumb/v7e-m+fp/hard/crtbegin.o
 .ARM.attributes
                0x0000000000000052       0x34 CMakeFiles/F303-rtos.dir/Core/Src/main.c.obj
 .ARM.attributes
                0x0000000000000086       0x34 CMakeFiles/F303-rtos.dir/Core/Src/stm32f3xx_it.c.obj
 .ARM.attributes
                0x00000000000000ba       0x34 CMakeFiles/F303-rtos.dir/Core/Src/stm32f3xx_hal_msp.c.obj
 .ARM.attributes
                0x00000000000000ee       0x34 CMakeFiles/F303-rtos.dir/Core/Src/stm32f3xx_hal_timebase_tim.c.obj
 .ARM.attributes
                0x0000000000000122       0x34 CMakeFiles/F303-rtos.dir/Core/Src/sysmem.c.obj
 .ARM.attributes
                0x0000000000000156       0x34 CMakeFiles/F303-rtos.dir/Core/Src/syscalls.c.obj
 .ARM.attributes
                0x000000000000018a       0x21 CMakeFiles/F303-rtos.dir/startup_stm32f303xe.s.obj
 .ARM.attributes
                0x00000000000001ab       0x34 CMakeFiles/F303-rtos.dir/Custom/Src/esc.c.obj
 .ARM.attributes
                0x00000000000001df       0x34 CMakeFiles/F303-rtos.dir/Custom/Src/imu.c.obj
 .ARM.attributes
                0x0000000000000213       0x34 CMakeFiles/F303-rtos.dir/Custom/Src/servo.c.obj
 .ARM.attributes
                0x0000000000000247       0x34 cmake/stm32cubemx/CMakeFiles/STM32_Drivers.dir/__/__/Core/Src/system_stm32f3xx.c.obj
 .ARM.attributes
                0x000000000000027b       0x34 cmake/stm32cubemx/CMakeFiles/STM32_Drivers.dir/__/__/Drivers/STM32F3xx_HAL_Driver/Src/stm32f3xx_hal_tim.c.obj
 .ARM.attributes
                0x00000000000002af       0x34 cmake/stm32cubemx/CMakeFiles/STM32_Drivers.dir/__/__/Drivers/STM32F3xx_HAL_Driver/Src/stm32f3xx_hal_tim_ex.c.obj
 .ARM.attributes
                0x00000000000002e3       0x34 cmake/stm32cubemx/CMakeFiles/STM32_Drivers.dir/__/__/Drivers/STM32F3xx_HAL_Driver/Src/stm32f3xx_hal.c.obj
 .ARM.attributes
                0x0000000000000317       0x34 cmake/stm32cubemx/CMakeFiles/STM32_Drivers.dir/__/__/Drivers/STM32F3xx_HAL_Driver/Src/stm32f3xx_hal_rcc.c.obj
 .ARM.attributes
                0x000000000000034b       0x34 cmake/stm32cubemx/CMakeFiles/STM32_Drivers.dir/__/__/Drivers/STM32F3xx_HAL_Driver/Src/stm32f3xx_hal_rcc_ex.c.obj
 .ARM.attributes
                0x000000000000037f       0x34 cmake/stm32cubemx/CMakeFiles/STM32_Drivers.dir/__/__/Drivers/STM32F3xx_HAL_Driver/Src/stm32f3xx_hal_gpio.c.obj
 .ARM.attributes
                0x00000000000003b3       0x34 cmake/stm32cubemx/CMakeFiles/STM32_Drivers.dir/__/__/Drivers/STM32F3xx_HAL_Driver/Src/stm32f3xx_hal_dma.c.obj
 .ARM.attributes
                0x00000000000003e7       0x34 cmake/stm32cubemx/CMakeFiles/STM32_Drivers.dir/__/__/Drivers/STM32F3xx_HAL_Driver/Src/stm32f3xx_hal_cortex.c.obj
 .ARM.attributes
                0x000000000000041b       0x34 cmake/stm32cubemx/CMakeFiles/STM32_Drivers.dir/__/__/Drivers/STM32F3xx_HAL_Driver/Src/stm32f3xx_hal_i2c.c.obj
 .ARM.attributes
                0x000000000000044f       0x34 cmake/stm32cubemx/CMakeFiles/STM32_Drivers.dir/__/__/Drivers/STM32F3xx_HAL_Driver/Src/stm32f3xx_hal_i2c_ex.c.obj
 .ARM.attributes
                0x0000000000000483       0x34 cmake/stm32cubemx/CMakeFiles/STM32_Drivers.dir/__/__/Drivers/STM32F3xx_HAL_Driver/Src/stm32f3xx_hal_uart.c.obj
 .ARM.attributes
                0x00000000000004b7       0x34 cmake/stm32cubemx/CMakeFiles/STM32_Drivers.dir/__/__/Drivers/STM32F3xx_HAL_Driver/Src/stm32f3xx_hal_uart_ex.c.obj
 .ARM.attributes
                0x00000000000004eb       0x34 cmake/stm32cubemx/CMakeFiles/FreeRTOS.dir/__/__/Middlewares/Third_Party/FreeRTOS/Source/list.c.obj
 .ARM.attributes
                0x000000000000051f       0x34 cmake/stm32cubemx/CMakeFiles/FreeRTOS.dir/__/__/Middlewares/Third_Party/FreeRTOS/Source/queue.c.obj
 .ARM.attributes
                0x0000000000000553       0x34 cmake/stm32cubemx/CMakeFiles/FreeRTOS.dir/__/__/Middlewares/Third_Party/FreeRTOS/Source/tasks.c.obj
 .ARM.attributes